Archive member included to satisfy reference by file (symbol)

/tmp/arduino-core-cache/core_SparkFun_apollo3_artemis_2982def665a1ef7f0750d0bf0c292f33.a(am_hal_clkgen.c.o)
                              /tmp/arduino-sketch-5058F1AF8388633F609CADB75A75DC9D/core/bsp/am_bsp.c.o (am_hal_clkgen_control)
/tmp/arduino-core-cache/core_SparkFun_apollo3_artemis_2982def665a1ef7f0750d0bf0c292f33.a(am_hal_flash.c.o)
                              /tmp/arduino-core-cache/core_SparkFun_apollo3_artemis_2982def665a1ef7f0750d0bf0c292f33.a(am_hal_clkgen.c.o) (am_hal_flash_delay)
/tmp/arduino-core-cache/core_SparkFun_apollo3_artemis_2982def665a1ef7f0750d0bf0c292f33.a(am_hal_gpio.c.o)
                              /tmp/arduino-sketch-5058F1AF8388633F609CADB75A75DC9D/core/bsp/am_bsp.c.o (am_hal_gpio_pinconfig)
/tmp/arduino-core-cache/core_SparkFun_apollo3_artemis_2982def665a1ef7f0750d0bf0c292f33.a(am_hal_interrupt.c.o)
                              /tmp/arduino-core-cache/core_SparkFun_apollo3_artemis_2982def665a1ef7f0750d0bf0c292f33.a(am_hal_gpio.c.o) (am_hal_interrupt_master_disable)
/tmp/arduino-core-cache/core_SparkFun_apollo3_artemis_2982def665a1ef7f0750d0bf0c292f33.a(am_hal_itm.c.o)
                              /tmp/arduino-sketch-5058F1AF8388633F609CADB75A75DC9D/core/bsp/am_bsp.c.o (am_hal_itm_enable)
/tmp/arduino-core-cache/core_SparkFun_apollo3_artemis_2982def665a1ef7f0750d0bf0c292f33.a(am_hal_pwrctrl.c.o)
                              /tmp/arduino-sketch-5058F1AF8388633F609CADB75A75DC9D/core/bsp/am_bsp.c.o (am_hal_pwrctrl_low_power_init)
/tmp/arduino-core-cache/core_SparkFun_apollo3_artemis_2982def665a1ef7f0750d0bf0c292f33.a(am_hal_reset.c.o)
                              /tmp/arduino-core-cache/core_SparkFun_apollo3_artemis_2982def665a1ef7f0750d0bf0c292f33.a(am_hal_clkgen.c.o) (gAmHalResetStatus)
/tmp/arduino-core-cache/core_SparkFun_apollo3_artemis_2982def665a1ef7f0750d0bf0c292f33.a(am_hal_rtc.c.o)
                              /tmp/arduino-sketch-5058F1AF8388633F609CADB75A75DC9D/core/bsp/am_bsp.c.o (am_hal_rtc_osc_disable)
/tmp/arduino-core-cache/core_SparkFun_apollo3_artemis_2982def665a1ef7f0750d0bf0c292f33.a(am_hal_tpiu.c.o)
                              /tmp/arduino-sketch-5058F1AF8388633F609CADB75A75DC9D/core/bsp/am_bsp.c.o (am_hal_tpiu_enable)
/tmp/arduino-core-cache/core_SparkFun_apollo3_artemis_2982def665a1ef7f0750d0bf0c292f33.a(am_hal_uart.c.o)
                              /tmp/arduino-sketch-5058F1AF8388633F609CADB75A75DC9D/core/bsp/am_bsp.c.o (am_hal_uart_initialize)
/tmp/arduino-core-cache/core_SparkFun_apollo3_artemis_2982def665a1ef7f0750d0bf0c292f33.a(am_util_stdio.c.o)
                              /tmp/arduino-sketch-5058F1AF8388633F609CADB75A75DC9D/core/bsp/am_bsp.c.o (am_util_stdio_printf_init)
/tmp/arduino-core-cache/core_SparkFun_apollo3_artemis_2982def665a1ef7f0750d0bf0c292f33.a(ap3_gpio.cpp.o)
                              /tmp/arduino-sketch-5058F1AF8388633F609CADB75A75DC9D/sketch/Blink.ino.cpp.o (pinMode(unsigned char, unsigned char))
/tmp/arduino-core-cache/core_SparkFun_apollo3_artemis_2982def665a1ef7f0750d0bf0c292f33.a(main.cpp.o)
                              /tmp/arduino-sketch-5058F1AF8388633F609CADB75A75DC9D/core/startup/startup_gcc.c.o (main)
/tmp/arduino-core-cache/core_SparkFun_apollo3_artemis_2982def665a1ef7f0750d0bf0c292f33.a(ap3_timing.cpp.o)
                              /tmp/arduino-core-cache/core_SparkFun_apollo3_artemis_2982def665a1ef7f0750d0bf0c292f33.a(ap3_gpio.cpp.o) (micros())
/tmp/arduino-core-cache/core_SparkFun_apollo3_artemis_2982def665a1ef7f0750d0bf0c292f33.a(ap3_uart.cpp.o)
                              /tmp/arduino-sketch-5058F1AF8388633F609CADB75A75DC9D/core/config/variant.cpp.o (Uart::Uart(unsigned char, unsigned char, unsigned char, unsigned char, unsigned char))
/tmp/arduino-core-cache/core_SparkFun_apollo3_artemis_2982def665a1ef7f0750d0bf0c292f33.a(am_hal_cachectrl.c.o)
                              /tmp/arduino-core-cache/core_SparkFun_apollo3_artemis_2982def665a1ef7f0750d0bf0c292f33.a(am_hal_pwrctrl.c.o) (am_hal_cachectrl_control)
/tmp/arduino-core-cache/core_SparkFun_apollo3_artemis_2982def665a1ef7f0750d0bf0c292f33.a(am_hal_queue.c.o)
                              /tmp/arduino-core-cache/core_SparkFun_apollo3_artemis_2982def665a1ef7f0750d0bf0c292f33.a(am_hal_uart.c.o) (am_hal_queue_init)
/tmp/arduino-core-cache/core_SparkFun_apollo3_artemis_2982def665a1ef7f0750d0bf0c292f33.a(am_hal_stimer.c.o)
                              /tmp/arduino-core-cache/core_SparkFun_apollo3_artemis_2982def665a1ef7f0750d0bf0c292f33.a(ap3_timing.cpp.o) (am_hal_stimer_counter_get)
/tmp/arduino-core-cache/core_SparkFun_apollo3_artemis_2982def665a1ef7f0750d0bf0c292f33.a(am_util_delay.c.o)
                              /tmp/arduino-core-cache/core_SparkFun_apollo3_artemis_2982def665a1ef7f0750d0bf0c292f33.a(ap3_timing.cpp.o) (am_util_delay_ms)
/tmp/arduino-core-cache/core_SparkFun_apollo3_artemis_2982def665a1ef7f0750d0bf0c292f33.a(ap3_analog_structures.c.o)
[...]
Memory Configuration

Name             Origin             Length             Attributes
FLASH            0x0000000000010000 0x00000000000f0000 xr
SRAM             0x0000000010000000 0x0000000000060000 xrw
*default*        0x0000000000000000 0xffffffffffffffff

Linker script and memory map

LOAD /tmp/arduino-sketch-5058F1AF8388633F609CADB75A75DC9D/sketch/Blink.ino.cpp.o
LOAD /tmp/arduino-sketch-5058F1AF8388633F609CADB75A75DC9D/core/bsp/am_bsp.c.o
LOAD /tmp/arduino-sketch-5058F1AF8388633F609CADB75A75DC9D/core/bsp/am_bsp_pins.c.o
LOAD /tmp/arduino-sketch-5058F1AF8388633F609CADB75A75DC9D/core/startup/startup_gcc.c.o
LOAD /tmp/arduino-sketch-5058F1AF8388633F609CADB75A75DC9D/core/config/variant.cpp.o
LOAD /tmp/arduino-core-cache/core_SparkFun_apollo3_artemis_2982def665a1ef7f0750d0bf0c292f33.a
LOAD /home/tim/.arduino15/packages/SparkFun/hardware/apollo3/1.1.2/cores/arduino/am_sdk_ap3/third_party/uecc/gcc/bin/lib_uecc.a
LOAD /home/tim/.arduino15/packages/SparkFun/hardware/apollo3/1.1.2/cores/arduino/am_sdk_ap3/third_party/exactle/projects/generic/stacklib/gcc/bin-cortex-m4/libstacklib.a
LOAD /home/tim/.arduino15/packages/SparkFun/hardware/apollo3/1.1.2/cores/arduino/am_sdk_ap3/CMSIS/ARM/Lib/ARM/libarm_cortexM4lf_math.a
START GROUP
LOAD /home/tim/.arduino15/packages/SparkFun/tools/arm-none-eabi-gcc/8-2018-q4-major/bin/../lib/gcc/arm-none-eabi/8.2.1/../../../../arm-none-eabi/lib/thumb/v7e-m+fp/hard/libm.a
LOAD /home/tim/.arduino15/packages/SparkFun/tools/arm-none-eabi-gcc/8-2018-q4-major/bin/../lib/gcc/arm-none-eabi/8.2.1/../../../../arm-none-eabi/lib/thumb/v7e-m+fp/hard/libc_nano.a
LOAD /home/tim/.arduino15/packages/SparkFun/tools/arm-none-eabi-gcc/8-2018-q4-major/bin/../lib/gcc/arm-none-eabi/8.2.1/thumb/v7e-m+fp/hard/libgcc.a
END GROUP
LOAD /home/tim/.arduino15/packages/SparkFun/tools/arm-none-eabi-gcc/8-2018-q4-major/bin/../lib/gcc/arm-none-eabi/8.2.1/../../../../arm-none-eabi/lib/thumb/v7e-m+fp/hard/libstdc++_nano.a
LOAD /home/tim/.arduino15/packages/SparkFun/tools/arm-none-eabi-gcc/8-2018-q4-major/bin/../lib/gcc/arm-none-eabi/8.2.1/../../../../arm-none-eabi/lib/thumb/v7e-m+fp/hard/libc_nano.a
LOAD /home/tim/.arduino15/packages/SparkFun/tools/arm-none-eabi-gcc/8-2018-q4-major/bin/../lib/gcc/arm-none-eabi/8.2.1/../../../../arm-none-eabi/lib/thumb/v7e-m+fp/hard/libnosys.a
LOAD /home/tim/.arduino15/packages/SparkFun/tools/arm-none-eabi-gcc/8-2018-q4-major/bin/../lib/gcc/arm-none-eabi/8.2.1/../../../../arm-none-eabi/lib/thumb/v7e-m+fp/hard/libm.a

.text           0x0000000000010000     0x2124
                0x0000000000010000                . = ALIGN (0x4)
 *(.isr_vector)
 .isr_vector    0x0000000000010000       0xd0 /tmp/arduino-sketch-5058F1AF8388633F609CADB75A75DC9D/core/startup/startup_gcc.c.o
                0x0000000000010000                g_am_pfnVectors
 *(.patch)
 .patch         0x00000000000100d0       0x30 /tmp/arduino-sketch-5058F1AF8388633F609CADB75A75DC9D/core/startup/startup_gcc.c.o
                0x00000000000100d0                __Patchable
 *(.text)
 *(.text*)
 .text.setup    0x0000000000010100        0x8 /tmp/arduino-sketch-5058F1AF8388633F609CADB75A75DC9D/sketch/Blink.ino.cpp.o
                0x0000000000010100                setup
 .text.loop     0x0000000000010108       0x26 /tmp/arduino-sketch-5058F1AF8388633F609CADB75A75DC9D/sketch/Blink.ino.cpp.o
                0x0000000000010108                loop
 .text.am_bsp_itm_printf_disable
                0x000000000001012e       0x10 /tmp/arduino-sketch-5058F1AF8388633F609CADB75A75DC9D/core/bsp/am_bsp.c.o
                0x000000000001012e                am_bsp_itm_printf_disable
 .text.am_bsp_low_power_init
                0x000000000001013e       0x1a /tmp/arduino-sketch-5058F1AF8388633F609CADB75A75DC9D/core/bsp/am_bsp.c.o
                0x000000000001013e                am_bsp_low_power_init
 .text.NMI_Handler
                0x0000000000010158        0x2 /tmp/arduino-sketch-5058F1AF8388633F609CADB75A75DC9D/core/startup/startup_gcc.c.o
                0x0000000000010158                NMI_Handler
 .text.HardFault_Handler
                0x000000000001015a        0x2 /tmp/arduino-sketch-5058F1AF8388633F609CADB75A75DC9D/core/startup/startup_gcc.c.o
                0x000000000001015a                HardFault_Handler
                0x000000000001015a                UsageFault_Handler
                0x000000000001015a                MemManage_Handler
                0x000000000001015a                BusFault_Handler
 .text.am_default_isr
                0x000000000001015c        0x2 /tmp/arduino-sketch-5058F1AF8388633F609CADB75A75DC9D/core/startup/startup_gcc.c.o
                0x000000000001015c                DebugMon_Handler
                0x000000000001015c                am_iomaster4_isr
                0x000000000001015c                SysTick_Handler
                0x000000000001015c                PendSV_Handler
                0x000000000001015c                am_rtc_isr
                0x000000000001015c                am_stimer_cmpr3_isr
                0x000000000001015c                am_adc_isr
                0x000000000001015c                am_iomaster3_isr
                0x000000000001015c                am_clkgen_isr
                0x000000000001015c                am_software0_isr
                0x000000000001015c                am_stimer_cmpr5_isr
                0x000000000001015c                am_iomaster5_isr
                0x000000000001015c                am_ctimer_isr
                0x000000000001015c                am_mspi_isr
                0x000000000001015c                am_ioslave_acc_isr
                0x000000000001015c                am_software1_isr
                0x000000000001015c                am_pdm_isr
                0x000000000001015c                am_stimer_cmpr6_isr
                0x000000000001015c                am_iomaster1_isr
                0x000000000001015c                am_brownout_isr
                0x000000000001015c                am_vcomp_isr
                0x000000000001015c                am_stimer_cmpr1_isr
                0x000000000001015c                am_iomaster2_isr
                0x000000000001015c                SVC_Handler
                0x000000000001015c                am_stimer_cmpr2_isr
                0x000000000001015c                am_ioslave_ios_isr
                0x000000000001015c                am_stimer_cmpr7_isr
                0x000000000001015c                am_scard_isr
                0x000000000001015c                am_watchdog_isr
                0x000000000001015c                am_stimer_cmpr0_isr
                0x000000000001015c                am_software3_isr
                0x000000000001015c                am_iomaster0_isr
                0x000000000001015c                am_ble_isr
                0x000000000001015c                am_software2_isr
                0x000000000001015c                am_stimer_cmpr4_isr
                0x000000000001015c                am_default_isr
 *fill*         0x000000000001015e        0x2 
 .text.Reset_Handler
                0x0000000000010160       0x68 /tmp/arduino-sketch-5058F1AF8388633F609CADB75A75DC9D/core/startup/startup_gcc.c.o
                0x0000000000010160                Reset_Handler
 .text.startup._GLOBAL__sub_I_ap3_variant_pinmap
                0x00000000000101c8       0x20 /tmp/arduino-sketch-5058F1AF8388633F609CADB75A75DC9D/core/config/variant.cpp.o
 .text.am_hal_clkgen_control
                0x00000000000101e8       0xfc /tmp/arduino-core-cache/core_SparkFun_apollo3_artemis_2982def665a1ef7f0750d0bf0c292f33.a(am_hal_clkgen.c.o)
                0x00000000000101e8                am_hal_clkgen_control
 .text.am_hal_clkgen_status_get
                0x00000000000102e4       0x34 /tmp/arduino-core-cache/core_SparkFun_apollo3_artemis_2982def665a1ef7f0750d0bf0c292f33.a(am_hal_clkgen.c.o)
                0x00000000000102e4                am_hal_clkgen_status_get
 .text.am_hal_flash_delay
                0x0000000000010318       0x20 /tmp/arduino-core-cache/core_SparkFun_apollo3_artemis_2982def665a1ef7f0750d0bf0c292f33.a(am_hal_flash.c.o)
                0x0000000000010318                am_hal_flash_delay
 .text.am_hal_flash_delay_status_check
                0x0000000000010338       0x34 /tmp/arduino-core-cache/core_SparkFun_apollo3_artemis_2982def665a1ef7f0750d0bf0c292f33.a(am_hal_flash.c.o)
                0x0000000000010338                am_hal_flash_delay_status_check
 .text.am_hal_flash_load_ui32
                0x000000000001036c        0x8 /tmp/arduino-core-cache/core_SparkFun_apollo3_artemis_2982def665a1ef7f0750d0bf0c292f33.a(am_hal_flash.c.o)
                0x000000000001036c                am_hal_flash_load_ui32
 .text.am_hal_flash_store_ui32
                0x0000000000010374        0xc /tmp/arduino-core-cache/core_SparkFun_apollo3_artemis_2982def665a1ef7f0750d0bf0c292f33.a(am_hal_flash.c.o)
                0x0000000000010374                am_hal_flash_store_ui32
 .text.am_hal_gpio_pinconfig
                0x0000000000010380      0x234 /tmp/arduino-core-cache/core_SparkFun_apollo3_artemis_2982def665a1ef7f0750d0bf0c292f33.a(am_hal_gpio.c.o)
                0x0000000000010380                am_hal_gpio_pinconfig
 .text.am_hal_gpio_interrupt_clear
                0x00000000000105b4       0x38 /tmp/arduino-core-cache/core_SparkFun_apollo3_artemis_2982def665a1ef7f0750d0bf0c292f33.a(am_hal_gpio.c.o)
                0x00000000000105b4                am_hal_gpio_interrupt_clear
 .text.am_hal_gpio_interrupt_status_get
                0x00000000000105ec       0x48 /tmp/arduino-core-cache/core_SparkFun_apollo3_artemis_2982def665a1ef7f0750d0bf0c292f33.a(am_hal_gpio.c.o)
                0x00000000000105ec                am_hal_gpio_interrupt_status_get
 .text.am_hal_interrupt_master_enable
                0x0000000000010634        0x8 /tmp/arduino-core-cache/core_SparkFun_apollo3_artemis_2982def665a1ef7f0750d0bf0c292f33.a(am_hal_interrupt.c.o)
                0x0000000000010634                am_hal_interrupt_master_enable
 .text.am_hal_interrupt_master_disable
                0x000000000001063c        0x8 /tmp/arduino-core-cache/core_SparkFun_apollo3_artemis_2982def665a1ef7f0750d0bf0c292f33.a(am_hal_interrupt.c.o)
                0x000000000001063c                am_hal_interrupt_master_disable
 .text.am_hal_interrupt_master_set
                0x0000000000010644        0x6 /tmp/arduino-core-cache/core_SparkFun_apollo3_artemis_2982def665a1ef7f0750d0bf0c292f33.a(am_hal_interrupt.c.o)
                0x0000000000010644                am_hal_interrupt_master_set
 *fill*         0x000000000001064a        0x2 
 .text.am_hal_itm_enable
                0x000000000001064c       0x3c /tmp/arduino-core-cache/core_SparkFun_apollo3_artemis_2982def665a1ef7f0750d0bf0c292f33.a(am_hal_itm.c.o)
                0x000000000001064c                am_hal_itm_enable
 .text.am_hal_itm_not_busy
                0x0000000000010688       0x14 /tmp/arduino-core-cache/core_SparkFun_apollo3_artemis_2982def665a1ef7f0750d0bf0c292f33.a(am_hal_itm.c.o)
                0x0000000000010688                am_hal_itm_not_busy
 .text.am_hal_itm_disable
                0x000000000001069c       0x6c /tmp/arduino-core-cache/core_SparkFun_apollo3_artemis_2982def665a1ef7f0750d0bf0c292f33.a(am_hal_itm.c.o)
                0x000000000001069c                am_hal_itm_disable
 .text.am_hal_pwrctrl_periph_enable
                0x0000000000010708       0x50 /tmp/arduino-core-cache/core_SparkFun_apollo3_artemis_2982def665a1ef7f0750d0bf0c292f33.a(am_hal_pwrctrl.c.o)
                0x0000000000010708                am_hal_pwrctrl_periph_enable
 .text.am_hal_pwrctrl_periph_disable
                0x0000000000010758       0x50 /tmp/arduino-core-cache/core_SparkFun_apollo3_artemis_2982def665a1ef7f0750d0bf0c292f33.a(am_hal_pwrctrl.c.o)
                0x0000000000010758                am_hal_pwrctrl_periph_disable
 .text.am_hal_pwrctrl_low_power_init
                0x00000000000107a8      0x140 /tmp/arduino-core-cache/core_SparkFun_apollo3_artemis_2982def665a1ef7f0750d0bf0c292f33.a(am_hal_pwrctrl.c.o)
                0x00000000000107a8                am_hal_pwrctrl_low_power_init
 .text.am_hal_rtc_osc_disable
                0x00000000000108e8       0x14 /tmp/arduino-core-cache/core_SparkFun_apollo3_artemis_2982def665a1ef7f0750d0bf0c292f33.a(am_hal_rtc.c.o)
                0x00000000000108e8                am_hal_rtc_osc_disable
 .text.uart_fifo_read
                0x00000000000108fc       0x34 /tmp/arduino-core-cache/core_SparkFun_apollo3_artemis_2982def665a1ef7f0750d0bf0c292f33.a(am_hal_uart.c.o)
 .text.uart_fifo_write
                0x0000000000010930       0x2a /tmp/arduino-core-cache/core_SparkFun_apollo3_artemis_2982def665a1ef7f0750d0bf0c292f33.a(am_hal_uart.c.o)
 *fill*         0x000000000001095a        0x2 
 .text.rx_queue_update
                0x000000000001095c       0x40 /tmp/arduino-core-cache/core_SparkFun_apollo3_artemis_2982def665a1ef7f0750d0bf0c292f33.a(am_hal_uart.c.o)
 .text.tx_queue_update
                0x000000000001099c       0x52 /tmp/arduino-core-cache/core_SparkFun_apollo3_artemis_2982def665a1ef7f0750d0bf0c292f33.a(am_hal_uart.c.o)
 .text.write_nonblocking.part.0
                0x00000000000109ee       0x42 /tmp/arduino-core-cache/core_SparkFun_apollo3_artemis_2982def665a1ef7f0750d0bf0c292f33.a(am_hal_uart.c.o)
 .text.read_nonblocking.part.1
                0x0000000000010a30       0x46 /tmp/arduino-core-cache/core_SparkFun_apollo3_artemis_2982def665a1ef7f0750d0bf0c292f33.a(am_hal_uart.c.o)
 *fill*         0x0000000000010a76        0x2 
 .text.am_hal_uart_initialize
                0x0000000000010a78       0x48 /tmp/arduino-core-cache/core_SparkFun_apollo3_artemis_2982def665a1ef7f0750d0bf0c292f33.a(am_hal_uart.c.o)
                0x0000000000010a78                am_hal_uart_initialize
 .text.am_hal_uart_deinitialize
                0x0000000000010ac0       0x28 /tmp/arduino-core-cache/core_SparkFun_apollo3_artemis_2982def665a1ef7f0750d0bf0c292f33.a(am_hal_uart.c.o)
                0x0000000000010ac0                am_hal_uart_deinitialize
 .text.am_hal_uart_transfer
                0x0000000000010ae8      0x150 /tmp/arduino-core-cache/core_SparkFun_apollo3_artemis_2982def665a1ef7f0750d0bf0c292f33.a(am_hal_uart.c.o)
                0x0000000000010ae8                am_hal_uart_transfer
 .text.am_hal_uart_tx_flush
                0x0000000000010c38       0x48 /tmp/arduino-core-cache/core_SparkFun_apollo3_artemis_2982def665a1ef7f0750d0bf0c292f33.a(am_hal_uart.c.o)
                0x0000000000010c38                am_hal_uart_tx_flush
 .text.am_hal_uart_interrupt_service
                0x0000000000010c80       0x8c /tmp/arduino-core-cache/core_SparkFun_apollo3_artemis_2982def665a1ef7f0750d0bf0c292f33.a(am_hal_uart.c.o)
                0x0000000000010c80                am_hal_uart_interrupt_service
 .text.am_hal_uart_interrupt_enable
                0x0000000000010d0c       0x28 /tmp/arduino-core-cache/core_SparkFun_apollo3_artemis_2982def665a1ef7f0750d0bf0c292f33.a(am_hal_uart.c.o)
                0x0000000000010d0c                am_hal_uart_interrupt_enable
 .text.am_hal_uart_interrupt_disable
                0x0000000000010d34       0x2c /tmp/arduino-core-cache/core_SparkFun_apollo3_artemis_2982def665a1ef7f0750d0bf0c292f33.a(am_hal_uart.c.o)
                0x0000000000010d34                am_hal_uart_interrupt_disable
 .text.am_hal_uart_configure
                0x0000000000010d60      0x1bc /tmp/arduino-core-cache/core_SparkFun_apollo3_artemis_2982def665a1ef7f0750d0bf0c292f33.a(am_hal_uart.c.o)
                0x0000000000010d60                am_hal_uart_configure
 .text.am_hal_uart_interrupt_clear
                0x0000000000010f1c       0x24 /tmp/arduino-core-cache/core_SparkFun_apollo3_artemis_2982def665a1ef7f0750d0bf0c292f33.a(am_hal_uart.c.o)
                0x0000000000010f1c                am_hal_uart_interrupt_clear
 .text.am_hal_uart_power_control
                0x0000000000010f40       0xc4 /tmp/arduino-core-cache/core_SparkFun_apollo3_artemis_2982def665a1ef7f0750d0bf0c292f33.a(am_hal_uart.c.o)
                0x0000000000010f40                am_hal_uart_power_control
 .text.am_hal_uart_interrupt_status_get
                0x0000000000011004       0x30 /tmp/arduino-core-cache/core_SparkFun_apollo3_artemis_2982def665a1ef7f0750d0bf0c292f33.a(am_hal_uart.c.o)
                0x0000000000011004                am_hal_uart_interrupt_status_get
 .text.am_util_stdio_printf_init
                0x0000000000011034        0xc /tmp/arduino-core-cache/core_SparkFun_apollo3_artemis_2982def665a1ef7f0750d0bf0c292f33.a(am_util_stdio.c.o)
                0x0000000000011034                am_util_stdio_printf_init
 .text._Z16ap3_gpio_pin2padh
                0x0000000000011040        0xc /tmp/arduino-core-cache/core_SparkFun_apollo3_artemis_2982def665a1ef7f0750d0bf0c292f33.a(ap3_gpio.cpp.o)
                0x0000000000011040                ap3_gpio_pin2pad(unsigned char)
 .text._Z7padModeh20am_hal_gpio_pincfg_tP9ap3_err_t
                0x000000000001104c       0x38 /tmp/arduino-core-cache/core_SparkFun_apollo3_artemis_2982def665a1ef7f0750d0bf0c292f33.a(ap3_gpio.cpp.o)
                0x000000000001104c                padMode(unsigned char, am_hal_gpio_pincfg_t, ap3_err_t*)
 .text._Z7pinModeh20am_hal_gpio_pincfg_tP9ap3_err_t
                0x0000000000011084        0xc /tmp/arduino-core-cache/core_SparkFun_apollo3_artemis_2982def665a1ef7f0750d0bf0c292f33.a(ap3_gpio.cpp.o)
                0x0000000000011084                pinMode(unsigned char, am_hal_gpio_pincfg_t, ap3_err_t*)
 .text._Z7pinModeh20am_hal_gpio_pincfg_t
                0x0000000000011090        0x6 /tmp/arduino-core-cache/core_SparkFun_apollo3_artemis_2982def665a1ef7f0750d0bf0c292f33.a(ap3_gpio.cpp.o)
                0x0000000000011090                pinMode(unsigned char, am_hal_gpio_pincfg_t)
 *fill*         0x0000000000011096        0x2 
 .text._Z7pinModehh
                0x0000000000011098       0x44 /tmp/arduino-core-cache/core_SparkFun_apollo3_artemis_2982def665a1ef7f0750d0bf0c292f33.a(ap3_gpio.cpp.o)
                0x0000000000011098                pinMode(unsigned char, unsigned char)
 .text._Z12digitalWritehh
                0x00000000000110dc       0x30 /tmp/arduino-core-cache/core_SparkFun_apollo3_artemis_2982def665a1ef7f0750d0bf0c292f33.a(ap3_gpio.cpp.o)
                0x00000000000110dc                digitalWrite(unsigned char, unsigned char)
 .text._Z11digitalReadh
                0x000000000001110c       0x58 /tmp/arduino-core-cache/core_SparkFun_apollo3_artemis_2982def665a1ef7f0750d0bf0c292f33.a(ap3_gpio.cpp.o)
                0x000000000001110c                digitalRead(unsigned char)
 .text.am_gpio_isr
                0x0000000000011164       0xd4 /tmp/arduino-core-cache/core_SparkFun_apollo3_artemis_2982def665a1ef7f0750d0bf0c292f33.a(ap3_gpio.cpp.o)
                0x0000000000011164                am_gpio_isr
 .text._Z16ap3_variant_initv
                0x0000000000011238        0x2 /tmp/arduino-core-cache/core_SparkFun_apollo3_artemis_2982def665a1ef7f0750d0bf0c292f33.a(main.cpp.o)
                0x0000000000011238                ap3_variant_init()
 .text._init    0x000000000001123a        0x2 /tmp/arduino-core-cache/core_SparkFun_apollo3_artemis_2982def665a1ef7f0750d0bf0c292f33.a(main.cpp.o)
                0x000000000001123a                _init
 .text.startup.main
                0x000000000001123c       0x18 /tmp/arduino-core-cache/core_SparkFun_apollo3_artemis_2982def665a1ef7f0750d0bf0c292f33.a(main.cpp.o)
                0x000000000001123c                main
 .text._Z5delaym
                0x0000000000011254        0x4 /tmp/arduino-core-cache/core_SparkFun_apollo3_artemis_2982def665a1ef7f0750d0bf0c292f33.a(ap3_timing.cpp.o)
                0x0000000000011254                delay(unsigned long)
 .text.am_stimer_isr
                0x0000000000011258       0x18 /tmp/arduino-core-cache/core_SparkFun_apollo3_artemis_2982def665a1ef7f0750d0bf0c292f33.a(ap3_timing.cpp.o)
                0x0000000000011258                am_stimer_isr
 .text._ZN4UartcvbEv
                0x0000000000011270        0x4 /tmp/arduino-core-cache/core_SparkFun_apollo3_artemis_2982def665a1ef7f0750d0bf0c292f33.a(ap3_uart.cpp.o)
                0x0000000000011270                Uart::operator bool()
 .text._ZN4Uart5beginEm
                0x0000000000011274        0x8 /tmp/arduino-core-cache/core_SparkFun_apollo3_artemis_2982def665a1ef7f0750d0bf0c292f33.a(ap3_uart.cpp.o)
                0x0000000000011274                Uart::begin(unsigned long)
 .text._ZN4Uart5writeEh
                0x000000000001127c       0x18 /tmp/arduino-core-cache/core_SparkFun_apollo3_artemis_2982def665a1ef7f0750d0bf0c292f33.a(ap3_uart.cpp.o)
                0x000000000001127c                Uart::write(unsigned char)
 .text._ZN4Uart9availableEv
                0x0000000000011294       0x16 /tmp/arduino-core-cache/core_SparkFun_apollo3_artemis_2982def665a1ef7f0750d0bf0c292f33.a(ap3_uart.cpp.o)
                0x0000000000011294                Uart::available()
 .text._ZN4Uart17availableForWriteEv
                0x00000000000112aa       0x30 /tmp/arduino-core-cache/core_SparkFun_apollo3_artemis_2982def665a1ef7f0750d0bf0c292f33.a(ap3_uart.cpp.o)
                0x00000000000112aa                Uart::availableForWrite()
 .text._ZN4Uart4peekEv
                0x00000000000112da       0x1c /tmp/arduino-core-cache/core_SparkFun_apollo3_artemis_2982def665a1ef7f0750d0bf0c292f33.a(ap3_uart.cpp.o)
                0x00000000000112da                Uart::peek()
 .text._ZN4Uart4readEv
                0x00000000000112f6       0x2a /tmp/arduino-core-cache/core_SparkFun_apollo3_artemis_2982def665a1ef7f0750d0bf0c292f33.a(ap3_uart.cpp.o)
                0x00000000000112f6                Uart::read()
 .text._ZN4Uart3endEv
                0x0000000000011320       0x48 /tmp/arduino-core-cache/core_SparkFun_apollo3_artemis_2982def665a1ef7f0750d0bf0c292f33.a(ap3_uart.cpp.o)
                0x0000000000011320                Uart::end()
 .text._ZN4Uart5flushEv
                0x0000000000011368        0xa /tmp/arduino-core-cache/core_SparkFun_apollo3_artemis_2982def665a1ef7f0750d0bf0c292f33.a(ap3_uart.cpp.o)
                0x0000000000011368                Uart::flush()
 .text._ZN4Uart5writeEPKhj
                0x0000000000011372       0x7e /tmp/arduino-core-cache/core_SparkFun_apollo3_artemis_2982def665a1ef7f0750d0bf0c292f33.a(ap3_uart.cpp.o)
                0x0000000000011372                Uart::write(unsigned char const*, unsigned int)
 .text._ZN4UartC2Ehhhhh
                0x00000000000113f0       0xa4 /tmp/arduino-core-cache/core_SparkFun_apollo3_artemis_2982def665a1ef7f0750d0bf0c292f33.a(ap3_uart.cpp.o)
                0x00000000000113f0                Uart::Uart(unsigned char, unsigned char, unsigned char, unsigned char, unsigned char)
                0x00000000000113f0                Uart::Uart(unsigned char, unsigned char, unsigned char, unsigned char, unsigned char)
 .text._ZN4Uart10set_configE23HardwareSerial_Config_e
                0x0000000000011494      0x192 /tmp/arduino-core-cache/core_SparkFun_apollo3_artemis_2982def665a1ef7f0750d0bf0c292f33.a(ap3_uart.cpp.o)
                0x0000000000011494                Uart::set_config(HardwareSerial_Config_e)
 *fill*         0x0000000000011626        0x2 
 .text._Z20ap3_uart_pad_funcselh19ap3_uart_pad_type_ehPh
                0x0000000000011628       0x60 /tmp/arduino-core-cache/core_SparkFun_apollo3_artemis_2982def665a1ef7f0750d0bf0c292f33.a(ap3_uart.cpp.o)
                0x0000000000011628                ap3_uart_pad_funcsel(unsigned char, ap3_uart_pad_type_e, unsigned char, unsigned char*)
 .text._ZN4Uart6_beginEv
                0x0000000000011688      0x238 /tmp/arduino-core-cache/core_SparkFun_apollo3_artemis_2982def665a1ef7f0750d0bf0c292f33.a(ap3_uart.cpp.o)
                0x0000000000011688                Uart::_begin()
 .text._ZN4Uart5beginEmt
                0x00000000000118c0       0x20 /tmp/arduino-core-cache/core_SparkFun_apollo3_artemis_2982def665a1ef7f0750d0bf0c292f33.a(ap3_uart.cpp.o)
                0x00000000000118c0                Uart::begin(unsigned long, unsigned short)
 .text._ZN4Uart8uart_isrEv
                0x00000000000118e0       0x7c /tmp/arduino-core-cache/core_SparkFun_apollo3_artemis_2982def665a1ef7f0750d0bf0c292f33.a(ap3_uart.cpp.o)
                0x00000000000118e0                Uart::uart_isr()
 .text.am_uart_isr
                0x000000000001195c       0x14 /tmp/arduino-core-cache/core_SparkFun_apollo3_artemis_2982def665a1ef7f0750d0bf0c292f33.a(ap3_uart.cpp.o)
                0x000000000001195c                am_uart_isr
 .text.am_uart1_isr
                0x0000000000011970       0x14 /tmp/arduino-core-cache/core_SparkFun_apollo3_artemis_2982def665a1ef7f0750d0bf0c292f33.a(ap3_uart.cpp.o)
                0x0000000000011970                am_uart1_isr
 .text.set_LPMMODE.part.0
                0x0000000000011984       0x34 /tmp/arduino-core-cache/core_SparkFun_apollo3_artemis_2982def665a1ef7f0750d0bf0c292f33.a(am_hal_cachectrl.c.o)
 .text.set_SEDELAY.part.1
                0x00000000000119b8       0x34 /tmp/arduino-core-cache/core_SparkFun_apollo3_artemis_2982def665a1ef7f0750d0bf0c292f33.a(am_hal_cachectrl.c.o)
 .text.set_RDWAIT.part.2
                0x00000000000119ec       0x3c /tmp/arduino-core-cache/core_SparkFun_apollo3_artemis_2982def665a1ef7f0750d0bf0c292f33.a(am_hal_cachectrl.c.o)
 .text.am_hal_cachectrl_config
                0x0000000000011a28       0x44 /tmp/arduino-core-cache/core_SparkFun_apollo3_artemis_2982def665a1ef7f0750d0bf0c292f33.a(am_hal_cachectrl.c.o)
                0x0000000000011a28                am_hal_cachectrl_config
 .text.am_hal_cachectrl_enable
                0x0000000000011a6c       0x14 /tmp/arduino-core-cache/core_SparkFun_apollo3_artemis_2982def665a1ef7f0750d0bf0c292f33.a(am_hal_cachectrl.c.o)
                0x0000000000011a6c                am_hal_cachectrl_enable
 .text.am_hal_cachectrl_control
                0x0000000000011a80      0x14c /tmp/arduino-core-cache/core_SparkFun_apollo3_artemis_2982def665a1ef7f0750d0bf0c292f33.a(am_hal_cachectrl.c.o)
                0x0000000000011a80                am_hal_cachectrl_control
 .text.am_hal_queue_init
                0x0000000000011bcc       0x12 /tmp/arduino-core-cache/core_SparkFun_apollo3_artemis_2982def665a1ef7f0750d0bf0c292f33.a(am_hal_queue.c.o)
                0x0000000000011bcc                am_hal_queue_init
 .text.am_hal_queue_item_add
                0x0000000000011bde       0x56 /tmp/arduino-core-cache/core_SparkFun_apollo3_artemis_2982def665a1ef7f0750d0bf0c292f33.a(am_hal_queue.c.o)
                0x0000000000011bde                am_hal_queue_item_add
 .text.am_hal_queue_item_get
                0x0000000000011c34       0x52 /tmp/arduino-core-cache/core_SparkFun_apollo3_artemis_2982def665a1ef7f0750d0bf0c292f33.a(am_hal_queue.c.o)
                0x0000000000011c34                am_hal_queue_item_get
 *fill*         0x0000000000011c86        0x2 
 .text.am_hal_stimer_config
                0x0000000000011c88       0x14 /tmp/arduino-core-cache/core_SparkFun_apollo3_artemis_2982def665a1ef7f0750d0bf0c292f33.a(am_hal_stimer.c.o)
                0x0000000000011c88                am_hal_stimer_config
 .text.am_hal_stimer_int_enable
                0x0000000000011c9c       0x14 /tmp/arduino-core-cache/core_SparkFun_apollo3_artemis_2982def665a1ef7f0750d0bf0c292f33.a(am_hal_stimer.c.o)
                0x0000000000011c9c                am_hal_stimer_int_enable
 .text.am_hal_stimer_int_clear
                0x0000000000011cb0        0xc /tmp/arduino-core-cache/core_SparkFun_apollo3_artemis_2982def665a1ef7f0750d0bf0c292f33.a(am_hal_stimer.c.o)
                0x0000000000011cb0                am_hal_stimer_int_clear
 .text.am_util_delay_ms
                0x0000000000011cbc       0x1e /tmp/arduino-core-cache/core_SparkFun_apollo3_artemis_2982def665a1ef7f0750d0bf0c292f33.a(am_util_delay.c.o)
                0x0000000000011cbc                am_util_delay_ms
 *fill*         0x0000000000011cda        0x2 
 .text._Z8ap3_initv
                0x0000000000011cdc       0x48 /tmp/arduino-core-cache/core_SparkFun_apollo3_artemis_2982def665a1ef7f0750d0bf0c292f33.a(ap3_initialization.cpp.o)
                0x0000000000011cdc                ap3_init()
 .text.__libc_init_array
                0x0000000000011d24       0x48 /home/tim/.arduino15/packages/SparkFun/tools/arm-none-eabi-gcc/8-2018-q4-major/bin/../lib/gcc/arm-none-eabi/8.2.1/../../../../arm-none-eabi/lib/thumb/v7e-m+fp/hard/libc_nano.a(lib_a-init.o)
                0x0000000000011d24                __libc_init_array
 .text.memset   0x0000000000011d6c       0x10 /home/tim/.arduino15/packages/SparkFun/tools/arm-none-eabi-gcc/8-2018-q4-major/bin/../lib/gcc/arm-none-eabi/8.2.1/../../../../arm-none-eabi/lib/thumb/v7e-m+fp/hard/libc_nano.a(lib_a-memset.o)
                0x0000000000011d6c                memset
                0x0000000000011d7c                . = ALIGN (0x4)
                0x0000000000011d7c                __init_array_start = .
 *(.init_array)
 .init_array    0x0000000000011d7c        0x4 /tmp/arduino-sketch-5058F1AF8388633F609CADB75A75DC9D/core/config/variant.cpp.o
 *(.ctors)
                0x0000000000011d80                __init_array_end = .
 *(.rodata)
 *(.rodata*)
 .rodata.ap3_variant_pinmap
                0x0000000000011d80       0x32 /tmp/arduino-sketch-5058F1AF8388633F609CADB75A75DC9D/core/config/variant.cpp.o
                0x0000000000011d80                ap3_variant_pinmap
 *fill*         0x0000000000011db2        0x2 
 .rodata.g_AM_HAL_GPIO_DISABLE
                0x0000000000011db4        0x4 /tmp/arduino-core-cache/core_SparkFun_apollo3_artemis_2982def665a1ef7f0750d0bf0c292f33.a(am_hal_gpio.c.o)
                0x0000000000011db4                g_AM_HAL_GPIO_DISABLE
 .rodata.g_AM_HAL_GPIO_INPUT
                0x0000000000011db8        0x4 /tmp/arduino-core-cache/core_SparkFun_apollo3_artemis_2982def665a1ef7f0750d0bf0c292f33.a(am_hal_gpio.c.o)
                0x0000000000011db8                g_AM_HAL_GPIO_INPUT
 .rodata.g_AM_HAL_GPIO_INPUT_PULLUP
                0x0000000000011dbc        0x4 /tmp/arduino-core-cache/core_SparkFun_apollo3_artemis_2982def665a1ef7f0750d0bf0c292f33.a(am_hal_gpio.c.o)
                0x0000000000011dbc                g_AM_HAL_GPIO_INPUT_PULLUP
 .rodata.g_AM_HAL_GPIO_TRISTATE
                0x0000000000011dc0        0x4 /tmp/arduino-core-cache/core_SparkFun_apollo3_artemis_2982def665a1ef7f0750d0bf0c292f33.a(am_hal_gpio.c.o)
                0x0000000000011dc0                g_AM_HAL_GPIO_TRISTATE
 .rodata.g_ui8Bit76Capabilities
                0x0000000000011dc4       0x32 /tmp/arduino-core-cache/core_SparkFun_apollo3_artemis_2982def665a1ef7f0750d0bf0c292f33.a(am_hal_gpio.c.o)
 .rodata.g_ui8Inpen
                0x0000000000011df6       0x32 /tmp/arduino-core-cache/core_SparkFun_apollo3_artemis_2982def665a1ef7f0750d0bf0c292f33.a(am_hal_gpio.c.o)
 .rodata.g_ui8NCEtable
                0x0000000000011e28       0xc8 /tmp/arduino-core-cache/core_SparkFun_apollo3_artemis_2982def665a1ef7f0750d0bf0c292f33.a(am_hal_gpio.c.o)
 .rodata.g_ui8nCEpins
                0x0000000000011ef0       0x32 /tmp/arduino-core-cache/core_SparkFun_apollo3_artemis_2982def665a1ef7f0750d0bf0c292f33.a(am_hal_gpio.c.o)
 *fill*         0x0000000000011f22        0x2 
 .rodata.am_hal_pwrctrl_peripheral_control
                0x0000000000011f24       0xb4 /tmp/arduino-core-cache/core_SparkFun_apollo3_artemis_2982def665a1ef7f0750d0bf0c292f33.a(am_hal_pwrctrl.c.o)
                0x0000000000011f24                am_hal_pwrctrl_peripheral_control
 .rodata.CSWTCH.19
                0x0000000000011fd8       0x10 /tmp/arduino-core-cache/core_SparkFun_apollo3_artemis_2982def665a1ef7f0750d0bf0c292f33.a(am_hal_uart.c.o)
 .rodata.CSWTCH.35
                0x0000000000011fe8       0x10 /tmp/arduino-core-cache/core_SparkFun_apollo3_artemis_2982def665a1ef7f0750d0bf0c292f33.a(ap3_uart.cpp.o)
 .rodata.CSWTCH.36
                0x0000000000011ff8        0x4 /tmp/arduino-core-cache/core_SparkFun_apollo3_artemis_2982def665a1ef7f0750d0bf0c292f33.a(ap3_uart.cpp.o)
 .rodata.CSWTCH.37
                0x0000000000011ffc       0x10 /tmp/arduino-core-cache/core_SparkFun_apollo3_artemis_2982def665a1ef7f0750d0bf0c292f33.a(ap3_uart.cpp.o)
 .rodata.CSWTCH.38
                0x000000000001200c        0x4 /tmp/arduino-core-cache/core_SparkFun_apollo3_artemis_2982def665a1ef7f0750d0bf0c292f33.a(ap3_uart.cpp.o)
 .rodata._ZTV4Uart
                0x0000000000012010       0x34 /tmp/arduino-core-cache/core_SparkFun_apollo3_artemis_2982def665a1ef7f0750d0bf0c292f33.a(ap3_uart.cpp.o)
                0x0000000000012010                vtable for Uart
 .rodata.am_hal_cachectrl_defaults
                0x0000000000012044        0x3 /tmp/arduino-core-cache/core_SparkFun_apollo3_artemis_2982def665a1ef7f0750d0bf0c292f33.a(am_hal_cachectrl.c.o)
                0x0000000000012044                am_hal_cachectrl_defaults
 *fill*         0x0000000000012047        0x1 
 .rodata.AP3_GPIO_PINCFG_NULL
                0x0000000000012048        0x4 /tmp/arduino-core-cache/core_SparkFun_apollo3_artemis_2982def665a1ef7f0750d0bf0c292f33.a(ap3_gpio_structures.c.o)
                0x0000000000012048                AP3_GPIO_PINCFG_NULL
 .rodata.g_AM_HAL_GPIO_INPUT_PULLDOWN
                0x000000000001204c        0x4 /tmp/arduino-core-cache/core_SparkFun_apollo3_artemis_2982def665a1ef7f0750d0bf0c292f33.a(ap3_gpio_structures.c.o)
                0x000000000001204c                g_AM_HAL_GPIO_INPUT_PULLDOWN
 .rodata.g_AM_HAL_GPIO_OPEN_DRAIN_WITH_READ_12
                0x0000000000012050        0x4 /tmp/arduino-core-cache/core_SparkFun_apollo3_artemis_2982def665a1ef7f0750d0bf0c292f33.a(ap3_gpio_structures.c.o)
                0x0000000000012050                g_AM_HAL_GPIO_OPEN_DRAIN_WITH_READ_12
 .rodata.g_AM_HAL_GPIO_OUTPUT_WITH_READ_12
                0x0000000000012054        0x4 /tmp/arduino-core-cache/core_SparkFun_apollo3_artemis_2982def665a1ef7f0750d0bf0c292f33.a(ap3_gpio_structures.c.o)
                0x0000000000012054                g_AM_HAL_GPIO_OUTPUT_WITH_READ_12
 .rodata.ap3_uart0_cts_map
                0x0000000000012058       0x10 /tmp/arduino-core-cache/core_SparkFun_apollo3_artemis_2982def665a1ef7f0750d0bf0c292f33.a(ap3_uart_structures.c.o)
                0x0000000000012058                ap3_uart0_cts_map
 .rodata.ap3_uart0_rts_map
                0x0000000000012068       0x10 /tmp/arduino-core-cache/core_SparkFun_apollo3_artemis_2982def665a1ef7f0750d0bf0c292f33.a(ap3_uart_structures.c.o)
                0x0000000000012068                ap3_uart0_rts_map
 .rodata.ap3_uart0_rx_map
                0x0000000000012078       0x18 /tmp/arduino-core-cache/core_SparkFun_apollo3_artemis_2982def665a1ef7f0750d0bf0c292f33.a(ap3_uart_structures.c.o)
                0x0000000000012078                ap3_uart0_rx_map
 .rodata.ap3_uart0_tx_map
                0x0000000000012090       0x18 /tmp/arduino-core-cache/core_SparkFun_apollo3_artemis_2982def665a1ef7f0750d0bf0c292f33.a(ap3_uart_structures.c.o)
                0x0000000000012090                ap3_uart0_tx_map
 .rodata.ap3_uart1_cts_map
                0x00000000000120a8       0x10 /tmp/arduino-core-cache/core_SparkFun_apollo3_artemis_2982def665a1ef7f0750d0bf0c292f33.a(ap3_uart_structures.c.o)
                0x00000000000120a8                ap3_uart1_cts_map
 .rodata.ap3_uart1_rts_map
                0x00000000000120b8       0x10 /tmp/arduino-core-cache/core_SparkFun_apollo3_artemis_2982def665a1ef7f0750d0bf0c292f33.a(ap3_uart_structures.c.o)
                0x00000000000120b8                ap3_uart1_rts_map
 .rodata.ap3_uart1_rx_map
                0x00000000000120c8       0x1a /tmp/arduino-core-cache/core_SparkFun_apollo3_artemis_2982def665a1ef7f0750d0bf0c292f33.a(ap3_uart_structures.c.o)
                0x00000000000120c8                ap3_uart1_rx_map
 .rodata.ap3_uart1_tx_map
                0x00000000000120e2       0x18 /tmp/arduino-core-cache/core_SparkFun_apollo3_artemis_2982def665a1ef7f0750d0bf0c292f33.a(ap3_uart_structures.c.o)
                0x00000000000120e2                ap3_uart1_tx_map
 *fill*         0x00000000000120fa        0x2 
 .rodata.ap3_uart_config_default
                0x00000000000120fc       0x28 /tmp/arduino-core-cache/core_SparkFun_apollo3_artemis_2982def665a1ef7f0750d0bf0c292f33.a(ap3_uart_structures.c.o)
                0x00000000000120fc                ap3_uart_config_default
                0x0000000000012124                . = ALIGN (0x4)
                0x0000000000012124                _etext = .

.glue_7         0x0000000000012124        0x0
 .glue_7        0x0000000000012124        0x0 linker stubs

.glue_7t        0x0000000000012124        0x0
 .glue_7t       0x0000000000012124        0x0 linker stubs

.vfp11_veneer   0x0000000000012124        0x0
 .vfp11_veneer  0x0000000000012124        0x0 linker stubs

.v4_bx          0x0000000000012124        0x0
 .v4_bx         0x0000000000012124        0x0 linker stubs

.iplt           0x0000000000012124        0x0
 .iplt          0x0000000000012124        0x0 /tmp/arduino-sketch-5058F1AF8388633F609CADB75A75DC9D/sketch/Blink.ino.cpp.o

.rel.dyn        0x0000000000012124        0x0
 .rel.iplt      0x0000000000012124        0x0 /tmp/arduino-sketch-5058F1AF8388633F609CADB75A75DC9D/sketch/Blink.ino.cpp.o

.stack          0x0000000010000000    0x14000
                0x0000000010000000                . = ALIGN (0x8)
 *(.stack)
 .stack         0x0000000010000000    0x14000 /tmp/arduino-sketch-5058F1AF8388633F609CADB75A75DC9D/core/startup/startup_gcc.c.o
 *(.stack*)
                0x0000000010014000                . = ALIGN (0x8)

.data           0x0000000010014000       0x2c load address 0x0000000000012124
                0x0000000010014000                . = ALIGN (0x4)
                0x0000000010014000                _sdata = .
 *(.data)
 *(.data*)
 .data.SRAM_write_ui32
                0x0000000010014000        0xc /tmp/arduino-core-cache/core_SparkFun_apollo3_artemis_2982def665a1ef7f0750d0bf0c292f33.a(am_hal_flash.c.o)
                0x0000000010014000                SRAM_write_ui32
 .data.ap3_analog_configure_map
                0x000000001001400c       0x1e /tmp/arduino-core-cache/core_SparkFun_apollo3_artemis_2982def665a1ef7f0750d0bf0c292f33.a(ap3_analog_structures.c.o)
                0x000000001001400c                ap3_analog_configure_map
                0x000000001001402c                . = ALIGN (0x4)
 *fill*         0x000000001001402a        0x2 
                0x000000001001402c                _edata = .
                0x0000000000012124                _init_data = LOADADDR (.data)

.igot.plt       0x000000001001402c        0x0 load address 0x0000000000012150
 .igot.plt      0x000000001001402c        0x0 /tmp/arduino-sketch-5058F1AF8388633F609CADB75A75DC9D/sketch/Blink.ino.cpp.o

.bss            0x000000001001402c     0x4390 load address 0x0000000000012150
                0x000000001001402c                . = ALIGN (0x4)
                0x000000001001402c                _sbss = .
 *(.bss)
 *(.bss*)
 .bss.Serial    0x000000001001402c     0x4058 /tmp/arduino-sketch-5058F1AF8388633F609CADB75A75DC9D/core/config/variant.cpp.o
                0x000000001001402c                Serial
 .bss.gAmHalResetStatus
                0x0000000010018084        0x4 /tmp/arduino-core-cache/core_SparkFun_apollo3_artemis_2982def665a1ef7f0750d0bf0c292f33.a(am_hal_reset.c.o)
                0x0000000010018084                gAmHalResetStatus
 .bss.gpio_isr_entries
                0x0000000010018088      0x258 /tmp/arduino-core-cache/core_SparkFun_apollo3_artemis_2982def665a1ef7f0750d0bf0c292f33.a(ap3_gpio.cpp.o)
                0x0000000010018088                gpio_isr_entries
 .bss.gpio_num_isr
                0x00000000100182e0        0x1 /tmp/arduino-core-cache/core_SparkFun_apollo3_artemis_2982def665a1ef7f0750d0bf0c292f33.a(ap3_gpio.cpp.o)
                0x00000000100182e0                gpio_num_isr
 *fill*         0x00000000100182e1        0x3 
 .bss.ap3_stimer_overflows
                0x00000000100182e4        0x4 /tmp/arduino-core-cache/core_SparkFun_apollo3_artemis_2982def665a1ef7f0750d0bf0c292f33.a(ap3_timing.cpp.o)
                0x00000000100182e4                ap3_stimer_overflows
 .bss.ap3_uart_handles
                0x00000000100182e8        0x8 /tmp/arduino-core-cache/core_SparkFun_apollo3_artemis_2982def665a1ef7f0750d0bf0c292f33.a(ap3_uart.cpp.o)
                0x00000000100182e8                ap3_uart_handles
 *(COMMON)
 COMMON         0x00000000100182f0       0xc8 /tmp/arduino-core-cache/core_SparkFun_apollo3_artemis_2982def665a1ef7f0750d0bf0c292f33.a(am_hal_uart.c.o)
                0x00000000100182f0                g_am_hal_uart_states
 COMMON         0x00000000100183b8        0x4 /tmp/arduino-core-cache/core_SparkFun_apollo3_artemis_2982def665a1ef7f0750d0bf0c292f33.a(am_util_stdio.c.o)
                0x00000000100183b8                g_pfnCharPrint
                0x00000000100183bc                . = ALIGN (0x4)
                0x00000000100183bc                _ebss = .

.heap           0x00000000100183bc        0x0 load address 0x0000000000012150
                0x00000000100183bc                __end__ = .
                [!provide]                        PROVIDE (end = .)
 *(.heap*)
                0x00000000100183bc                __HeapLimit = .

.ARM.attributes
                0x0000000000000000       0x34
 *(.ARM.attributes)
 .ARM.attributes
                0x0000000000000000       0x34 /tmp/arduino-sketch-5058F1AF8388633F609CADB75A75DC9D/sketch/Blink.ino.cpp.o
 .ARM.attributes
                0x0000000000000034       0x34 /tmp/arduino-sketch-5058F1AF8388633F609CADB75A75DC9D/core/bsp/am_bsp.c.o
 .ARM.attributes
                0x0000000000000068       0x34 /tmp/arduino-sketch-5058F1AF8388633F609CADB75A75DC9D/core/startup/startup_gcc.c.o
 .ARM.attributes
                0x000000000000009c       0x34 /tmp/arduino-sketch-5058F1AF8388633F609CADB75A75DC9D/core/config/variant.cpp.o
 .ARM.attributes
                0x00000000000000d0       0x34 /tmp/arduino-core-cache/core_SparkFun_apollo3_artemis_2982def665a1ef7f0750d0bf0c292f33.a(am_hal_clkgen.c.o)
 .ARM.attributes
                0x0000000000000104       0x34 /tmp/arduino-core-cache/core_SparkFun_apollo3_artemis_2982def665a1ef7f0750d0bf0c292f33.a(am_hal_flash.c.o)
 .ARM.attributes
                0x0000000000000138       0x34 /tmp/arduino-core-cache/core_SparkFun_apollo3_artemis_2982def665a1ef7f0750d0bf0c292f33.a(am_hal_gpio.c.o)
 .ARM.attributes
                0x000000000000016c       0x34 /tmp/arduino-core-cache/core_SparkFun_apollo3_artemis_2982def665a1ef7f0750d0bf0c292f33.a(am_hal_interrupt.c.o)
 .ARM.attributes
                0x00000000000001a0       0x34 /tmp/arduino-core-cache/core_SparkFun_apollo3_artemis_2982def665a1ef7f0750d0bf0c292f33.a(am_hal_itm.c.o)
 .ARM.attributes
                0x00000000000001d4       0x34 /tmp/arduino-core-cache/core_SparkFun_apollo3_artemis_2982def665a1ef7f0750d0bf0c292f33.a(am_hal_pwrctrl.c.o)
 .ARM.attributes
                0x0000000000000208       0x34 /tmp/arduino-core-cache/core_SparkFun_apollo3_artemis_2982def665a1ef7f0750d0bf0c292f33.a(am_hal_reset.c.o)
 .ARM.attributes
                0x000000000000023c       0x34 /tmp/arduino-core-cache/core_SparkFun_apollo3_artemis_2982def665a1ef7f0750d0bf0c292f33.a(am_hal_rtc.c.o)
 .ARM.attributes
                0x0000000000000270       0x34 /tmp/arduino-core-cache/core_SparkFun_apollo3_artemis_2982def665a1ef7f0750d0bf0c292f33.a(am_hal_uart.c.o)
 .ARM.attributes
                0x00000000000002a4       0x34 /tmp/arduino-core-cache/core_SparkFun_apollo3_artemis_2982def665a1ef7f0750d0bf0c292f33.a(am_util_stdio.c.o)
 .ARM.attributes
                0x00000000000002d8       0x34 /tmp/arduino-core-cache/core_SparkFun_apollo3_artemis_2982def665a1ef7f0750d0bf0c292f33.a(ap3_gpio.cpp.o)
 .ARM.attributes
                0x000000000000030c       0x34 /tmp/arduino-core-cache/core_SparkFun_apollo3_artemis_2982def665a1ef7f0750d0bf0c292f33.a(main.cpp.o)
 .ARM.attributes
                0x0000000000000340       0x34 /tmp/arduino-core-cache/core_SparkFun_apollo3_artemis_2982def665a1ef7f0750d0bf0c292f33.a(ap3_timing.cpp.o)
 .ARM.attributes
                0x0000000000000374       0x34 /tmp/arduino-core-cache/core_SparkFun_apollo3_artemis_2982def665a1ef7f0750d0bf0c292f33.a(ap3_uart.cpp.o)
 .ARM.attributes
                0x00000000000003a8       0x34 /tmp/arduino-core-cache/core_SparkFun_apollo3_artemis_2982def665a1ef7f0750d0bf0c292f33.a(am_hal_cachectrl.c.o)
 .ARM.attributes
                0x00000000000003dc       0x34 /tmp/arduino-core-cache/core_SparkFun_apollo3_artemis_2982def665a1ef7f0750d0bf0c292f33.a(am_hal_queue.c.o)
 .ARM.attributes
                0x0000000000000410       0x34 /tmp/arduino-core-cache/core_SparkFun_apollo3_artemis_2982def665a1ef7f0750d0bf0c292f33.a(am_hal_stimer.c.o)
 .ARM.attributes
                0x0000000000000444       0x34 /tmp/arduino-core-cache/core_SparkFun_apollo3_artemis_2982def665a1ef7f0750d0bf0c292f33.a(am_util_delay.c.o)
 .ARM.attributes
                0x0000000000000478       0x39 /tmp/arduino-core-cache/core_SparkFun_apollo3_artemis_2982def665a1ef7f0750d0bf0c292f33.a(ap3_analog_structures.c.o)
 .ARM.attributes
                0x00000000000004b1       0x39 /tmp/arduino-core-cache/core_SparkFun_apollo3_artemis_2982def665a1ef7f0750d0bf0c292f33.a(ap3_gpio_structures.c.o)
 .ARM.attributes
                0x00000000000004ea       0x39 /tmp/arduino-core-cache/core_SparkFun_apollo3_artemis_2982def665a1ef7f0750d0bf0c292f33.a(ap3_uart_structures.c.o)
 .ARM.attributes
                0x0000000000000523       0x34 /tmp/arduino-core-cache/core_SparkFun_apollo3_artemis_2982def665a1ef7f0750d0bf0c292f33.a(ap3_initialization.cpp.o)
 .ARM.attributes
                0x0000000000000557       0x34 /home/tim/.arduino15/packages/SparkFun/tools/arm-none-eabi-gcc/8-2018-q4-major/bin/../lib/gcc/arm-none-eabi/8.2.1/../../../../arm-none-eabi/lib/thumb/v7e-m+fp/hard/libc_nano.a(lib_a-init.o)
 .ARM.attributes
                0x000000000000058b       0x34 /home/tim/.arduino15/packages/SparkFun/tools/arm-none-eabi-gcc/8-2018-q4-major/bin/../lib/gcc/arm-none-eabi/8.2.1/../../../../arm-none-eabi/lib/thumb/v7e-m+fp/hard/libc_nano.a(lib_a-memset.o)
OUTPUT(/tmp/arduino-sketch-5058F1AF8388633F609CADB75A75DC9D/Blink.ino.axf elf32-littlearm)

.debug_info     0x0000000000000000    0x4c004
 .debug_info    0x0000000000000000     0x3d57 /tmp/arduino-sketch-5058F1AF8388633F609CADB75A75DC9D/sketch/Blink.ino.cpp.o
 .debug_info    0x0000000000003d57     0x2209 /tmp/arduino-sketch-5058F1AF8388633F609CADB75A75DC9D/core/bsp/am_bsp.c.o
 .debug_info    0x0000000000005f60      0xb41 /tmp/arduino-sketch-5058F1AF8388633F609CADB75A75DC9D/core/startup/startup_gcc.c.o
 .debug_info    0x0000000000006aa1     0x3d4c /tmp/arduino-sketch-5058F1AF8388633F609CADB75A75DC9D/core/config/variant.cpp.o
 .debug_info    0x000000000000a7ed     0x2c35 /tmp/arduino-core-cache/core_SparkFun_apollo3_artemis_2982def665a1ef7f0750d0bf0c292f33.a(am_hal_clkgen.c.o)
 .debug_info    0x000000000000d422     0x2335 /tmp/arduino-core-cache/core_SparkFun_apollo3_artemis_2982def665a1ef7f0750d0bf0c292f33.a(am_hal_flash.c.o)
 .debug_info    0x000000000000f757     0x54e5 /tmp/arduino-core-cache/core_SparkFun_apollo3_artemis_2982def665a1ef7f0750d0bf0c292f33.a(am_hal_gpio.c.o)
 .debug_info    0x0000000000014c3c      0x821 /tmp/arduino-core-cache/core_SparkFun_apollo3_artemis_2982def665a1ef7f0750d0bf0c292f33.a(am_hal_interrupt.c.o)
 .debug_info    0x000000000001545d     0x209b /tmp/arduino-core-cache/core_SparkFun_apollo3_artemis_2982def665a1ef7f0750d0bf0c292f33.a(am_hal_itm.c.o)
 .debug_info    0x00000000000174f8     0x3c7e /tmp/arduino-core-cache/core_SparkFun_apollo3_artemis_2982def665a1ef7f0750d0bf0c292f33.a(am_hal_pwrctrl.c.o)
 .debug_info    0x000000000001b176     0x11fc /tmp/arduino-core-cache/core_SparkFun_apollo3_artemis_2982def665a1ef7f0750d0bf0c292f33.a(am_hal_reset.c.o)
 .debug_info    0x000000000001c372     0x192b /tmp/arduino-core-cache/core_SparkFun_apollo3_artemis_2982def665a1ef7f0750d0bf0c292f33.a(am_hal_rtc.c.o)
 .debug_info    0x000000000001dc9d     0x3fed /tmp/arduino-core-cache/core_SparkFun_apollo3_artemis_2982def665a1ef7f0750d0bf0c292f33.a(am_hal_uart.c.o)
 .debug_info    0x0000000000021c8a      0xdbe /tmp/arduino-core-cache/core_SparkFun_apollo3_artemis_2982def665a1ef7f0750d0bf0c292f33.a(am_util_stdio.c.o)
 .debug_info    0x0000000000022a48     0x8cd4 /tmp/arduino-core-cache/core_SparkFun_apollo3_artemis_2982def665a1ef7f0750d0bf0c292f33.a(ap3_gpio.cpp.o)
 .debug_info    0x000000000002b71c     0x3d4d /tmp/arduino-core-cache/core_SparkFun_apollo3_artemis_2982def665a1ef7f0750d0bf0c292f33.a(main.cpp.o)
 .debug_info    0x000000000002f469     0x3e8b /tmp/arduino-core-cache/core_SparkFun_apollo3_artemis_2982def665a1ef7f0750d0bf0c292f33.a(ap3_timing.cpp.o)
 .debug_info    0x00000000000332f4     0x7711 /tmp/arduino-core-cache/core_SparkFun_apollo3_artemis_2982def665a1ef7f0750d0bf0c292f33.a(ap3_uart.cpp.o)
 .debug_info    0x000000000003aa05     0x18b4 /tmp/arduino-core-cache/core_SparkFun_apollo3_artemis_2982def665a1ef7f0750d0bf0c292f33.a(am_hal_cachectrl.c.o)
 .debug_info    0x000000000003c2b9      0xa5c /tmp/arduino-core-cache/core_SparkFun_apollo3_artemis_2982def665a1ef7f0750d0bf0c292f33.a(am_hal_queue.c.o)
 .debug_info    0x000000000003cd15     0x853e /tmp/arduino-core-cache/core_SparkFun_apollo3_artemis_2982def665a1ef7f0750d0bf0c292f33.a(am_hal_stimer.c.o)
 .debug_info    0x0000000000045253      0x960 /tmp/arduino-core-cache/core_SparkFun_apollo3_artemis_2982def665a1ef7f0750d0bf0c292f33.a(am_util_delay.c.o)
 .debug_info    0x0000000000045bb3      0xbf7 /tmp/arduino-core-cache/core_SparkFun_apollo3_artemis_2982def665a1ef7f0750d0bf0c292f33.a(ap3_analog_structures.c.o)
 .debug_info    0x00000000000467aa      0xb3e /tmp/arduino-core-cache/core_SparkFun_apollo3_artemis_2982def665a1ef7f0750d0bf0c292f33.a(ap3_gpio_structures.c.o)
 .debug_info    0x00000000000472e8      0xbf8 /tmp/arduino-core-cache/core_SparkFun_apollo3_artemis_2982def665a1ef7f0750d0bf0c292f33.a(ap3_uart_structures.c.o)
 .debug_info    0x0000000000047ee0     0x4124 /tmp/arduino-core-cache/core_SparkFun_apollo3_artemis_2982def665a1ef7f0750d0bf0c292f33.a(ap3_initialization.cpp.o)

.debug_abbrev   0x0000000000000000     0x653a
 .debug_abbrev  0x0000000000000000      0x49f /tmp/arduino-sketch-5058F1AF8388633F609CADB75A75DC9D/sketch/Blink.ino.cpp.o
 .debug_abbrev  0x000000000000049f      0x35c /tmp/arduino-sketch-5058F1AF8388633F609CADB75A75DC9D/core/bsp/am_bsp.c.o
 .debug_abbrev  0x00000000000007fb      0x21d /tmp/arduino-sketch-5058F1AF8388633F609CADB75A75DC9D/core/startup/startup_gcc.c.o
 .debug_abbrev  0x0000000000000a18      0x4c1 /tmp/arduino-sketch-5058F1AF8388633F609CADB75A75DC9D/core/config/variant.cpp.o
 .debug_abbrev  0x0000000000000ed9      0x312 /tmp/arduino-core-cache/core_SparkFun_apollo3_artemis_2982def665a1ef7f0750d0bf0c292f33.a(am_hal_clkgen.c.o)
 .debug_abbrev  0x00000000000011eb      0x491 /tmp/arduino-core-cache/core_SparkFun_apollo3_artemis_2982def665a1ef7f0750d0bf0c292f33.a(am_hal_flash.c.o)
 .debug_abbrev  0x000000000000167c      0x3b9 /tmp/arduino-core-cache/core_SparkFun_apollo3_artemis_2982def665a1ef7f0750d0bf0c292f33.a(am_hal_gpio.c.o)
 .debug_abbrev  0x0000000000001a35      0x1c9 /tmp/arduino-core-cache/core_SparkFun_apollo3_artemis_2982def665a1ef7f0750d0bf0c292f33.a(am_hal_interrupt.c.o)
 .debug_abbrev  0x0000000000001bfe      0x35b /tmp/arduino-core-cache/core_SparkFun_apollo3_artemis_2982def665a1ef7f0750d0bf0c292f33.a(am_hal_itm.c.o)
 .debug_abbrev  0x0000000000001f59      0x392 /tmp/arduino-core-cache/core_SparkFun_apollo3_artemis_2982def665a1ef7f0750d0bf0c292f33.a(am_hal_pwrctrl.c.o)
 .debug_abbrev  0x00000000000022eb      0x2fc /tmp/arduino-core-cache/core_SparkFun_apollo3_artemis_2982def665a1ef7f0750d0bf0c292f33.a(am_hal_reset.c.o)
 .debug_abbrev  0x00000000000025e7      0x341 /tmp/arduino-core-cache/core_SparkFun_apollo3_artemis_2982def665a1ef7f0750d0bf0c292f33.a(am_hal_rtc.c.o)
 .debug_abbrev  0x0000000000002928      0x45c /tmp/arduino-core-cache/core_SparkFun_apollo3_artemis_2982def665a1ef7f0750d0bf0c292f33.a(am_hal_uart.c.o)
 .debug_abbrev  0x0000000000002d84      0x401 /tmp/arduino-core-cache/core_SparkFun_apollo3_artemis_2982def665a1ef7f0750d0bf0c292f33.a(am_util_stdio.c.o)
 .debug_abbrev  0x0000000000003185      0x85a /tmp/arduino-core-cache/core_SparkFun_apollo3_artemis_2982def665a1ef7f0750d0bf0c292f33.a(ap3_gpio.cpp.o)
 .debug_abbrev  0x00000000000039df      0x4ca /tmp/arduino-core-cache/core_SparkFun_apollo3_artemis_2982def665a1ef7f0750d0bf0c292f33.a(main.cpp.o)
 .debug_abbrev  0x0000000000003ea9      0x551 /tmp/arduino-core-cache/core_SparkFun_apollo3_artemis_2982def665a1ef7f0750d0bf0c292f33.a(ap3_timing.cpp.o)
 .debug_abbrev  0x00000000000043fa      0xab8 /tmp/arduino-core-cache/core_SparkFun_apollo3_artemis_2982def665a1ef7f0750d0bf0c292f33.a(ap3_uart.cpp.o)
 .debug_abbrev  0x0000000000004eb2      0x40c /tmp/arduino-core-cache/core_SparkFun_apollo3_artemis_2982def665a1ef7f0750d0bf0c292f33.a(am_hal_cachectrl.c.o)
 .debug_abbrev  0x00000000000052be      0x252 /tmp/arduino-core-cache/core_SparkFun_apollo3_artemis_2982def665a1ef7f0750d0bf0c292f33.a(am_hal_queue.c.o)
 .debug_abbrev  0x0000000000005510      0x37d /tmp/arduino-core-cache/core_SparkFun_apollo3_artemis_2982def665a1ef7f0750d0bf0c292f33.a(am_hal_stimer.c.o)
 .debug_abbrev  0x000000000000588d      0x22d /tmp/arduino-core-cache/core_SparkFun_apollo3_artemis_2982def665a1ef7f0750d0bf0c292f33.a(am_util_delay.c.o)
 .debug_abbrev  0x0000000000005aba      0x1d1 /tmp/arduino-core-cache/core_SparkFun_apollo3_artemis_2982def665a1ef7f0750d0bf0c292f33.a(ap3_analog_structures.c.o)
 .debug_abbrev  0x0000000000005c8b      0x1ab /tmp/arduino-core-cache/core_SparkFun_apollo3_artemis_2982def665a1ef7f0750d0bf0c292f33.a(ap3_gpio_structures.c.o)
 .debug_abbrev  0x0000000000005e36      0x1bc /tmp/arduino-core-cache/core_SparkFun_apollo3_artemis_2982def665a1ef7f0750d0bf0c292f33.a(ap3_uart_structures.c.o)
 .debug_abbrev  0x0000000000005ff2      0x548 /tmp/arduino-core-cache/core_SparkFun_apollo3_artemis_2982def665a1ef7f0750d0bf0c292f33.a(ap3_initialization.cpp.o)

.debug_aranges  0x0000000000000000      0x9d8
 .debug_aranges
                0x0000000000000000       0x28 /tmp/arduino-sketch-5058F1AF8388633F609CADB75A75DC9D/sketch/Blink.ino.cpp.o
 .debug_aranges
                0x0000000000000028       0xa8 /tmp/arduino-sketch-5058F1AF8388633F609CADB75A75DC9D/core/bsp/am_bsp.c.o
 .debug_aranges
                0x00000000000000d0       0x38 /tmp/arduino-sketch-5058F1AF8388633F609CADB75A75DC9D/core/startup/startup_gcc.c.o
 .debug_aranges
                0x0000000000000108       0x20 /tmp/arduino-sketch-5058F1AF8388633F609CADB75A75DC9D/core/config/variant.cpp.o
 .debug_aranges
                0x0000000000000128       0x58 /tmp/arduino-core-cache/core_SparkFun_apollo3_artemis_2982def665a1ef7f0750d0bf0c292f33.a(am_hal_clkgen.c.o)
 .debug_aranges
                0x0000000000000180      0x130 /tmp/arduino-core-cache/core_SparkFun_apollo3_artemis_2982def665a1ef7f0750d0bf0c292f33.a(am_hal_flash.c.o)
 .debug_aranges
                0x00000000000002b0       0x70 /tmp/arduino-core-cache/core_SparkFun_apollo3_artemis_2982def665a1ef7f0750d0bf0c292f33.a(am_hal_gpio.c.o)
 .debug_aranges
                0x0000000000000320       0x30 /tmp/arduino-core-cache/core_SparkFun_apollo3_artemis_2982def665a1ef7f0750d0bf0c292f33.a(am_hal_interrupt.c.o)
 .debug_aranges
                0x0000000000000350       0x78 /tmp/arduino-core-cache/core_SparkFun_apollo3_artemis_2982def665a1ef7f0750d0bf0c292f33.a(am_hal_itm.c.o)
 .debug_aranges
                0x00000000000003c8       0x58 /tmp/arduino-core-cache/core_SparkFun_apollo3_artemis_2982def665a1ef7f0750d0bf0c292f33.a(am_hal_pwrctrl.c.o)
 .debug_aranges
                0x0000000000000420       0x50 /tmp/arduino-core-cache/core_SparkFun_apollo3_artemis_2982def665a1ef7f0750d0bf0c292f33.a(am_hal_reset.c.o)
 .debug_aranges
                0x0000000000000470       0xa0 /tmp/arduino-core-cache/core_SparkFun_apollo3_artemis_2982def665a1ef7f0750d0bf0c292f33.a(am_hal_rtc.c.o)
 .debug_aranges
                0x0000000000000510       0xc0 /tmp/arduino-core-cache/core_SparkFun_apollo3_artemis_2982def665a1ef7f0750d0bf0c292f33.a(am_hal_uart.c.o)
 .debug_aranges
                0x00000000000005d0       0x70 /tmp/arduino-core-cache/core_SparkFun_apollo3_artemis_2982def665a1ef7f0750d0bf0c292f33.a(am_util_stdio.c.o)
 .debug_aranges
                0x0000000000000640       0x90 /tmp/arduino-core-cache/core_SparkFun_apollo3_artemis_2982def665a1ef7f0750d0bf0c292f33.a(ap3_gpio.cpp.o)
 .debug_aranges
                0x00000000000006d0       0x30 /tmp/arduino-core-cache/core_SparkFun_apollo3_artemis_2982def665a1ef7f0750d0bf0c292f33.a(main.cpp.o)
 .debug_aranges
                0x0000000000000700       0x60 /tmp/arduino-core-cache/core_SparkFun_apollo3_artemis_2982def665a1ef7f0750d0bf0c292f33.a(ap3_timing.cpp.o)
 .debug_aranges
                0x0000000000000760       0xb8 /tmp/arduino-core-cache/core_SparkFun_apollo3_artemis_2982def665a1ef7f0750d0bf0c292f33.a(ap3_uart.cpp.o)
 .debug_aranges
                0x0000000000000818       0x58 /tmp/arduino-core-cache/core_SparkFun_apollo3_artemis_2982def665a1ef7f0750d0bf0c292f33.a(am_hal_cachectrl.c.o)
 .debug_aranges
                0x0000000000000870       0x30 /tmp/arduino-core-cache/core_SparkFun_apollo3_artemis_2982def665a1ef7f0750d0bf0c292f33.a(am_hal_queue.c.o)
 .debug_aranges
                0x00000000000008a0       0x98 /tmp/arduino-core-cache/core_SparkFun_apollo3_artemis_2982def665a1ef7f0750d0bf0c292f33.a(am_hal_stimer.c.o)
 .debug_aranges
                0x0000000000000938       0x30 /tmp/arduino-core-cache/core_SparkFun_apollo3_artemis_2982def665a1ef7f0750d0bf0c292f33.a(am_util_delay.c.o)
 .debug_aranges
                0x0000000000000968       0x18 /tmp/arduino-core-cache/core_SparkFun_apollo3_artemis_2982def665a1ef7f0750d0bf0c292f33.a(ap3_analog_structures.c.o)
 .debug_aranges
                0x0000000000000980       0x18 /tmp/arduino-core-cache/core_SparkFun_apollo3_artemis_2982def665a1ef7f0750d0bf0c292f33.a(ap3_gpio_structures.c.o)
 .debug_aranges
                0x0000000000000998       0x18 /tmp/arduino-core-cache/core_SparkFun_apollo3_artemis_2982def665a1ef7f0750d0bf0c292f33.a(ap3_uart_structures.c.o)
 .debug_aranges
                0x00000000000009b0       0x28 /tmp/arduino-core-cache/core_SparkFun_apollo3_artemis_2982def665a1ef7f0750d0bf0c292f33.a(ap3_initialization.cpp.o)

.debug_ranges   0x0000000000000000      0xef8
 .debug_ranges  0x0000000000000000       0x18 /tmp/arduino-sketch-5058F1AF8388633F609CADB75A75DC9D/sketch/Blink.ino.cpp.o
 .debug_ranges  0x0000000000000018       0x98 /tmp/arduino-sketch-5058F1AF8388633F609CADB75A75DC9D/core/bsp/am_bsp.c.o
 .debug_ranges  0x00000000000000b0       0x28 /tmp/arduino-sketch-5058F1AF8388633F609CADB75A75DC9D/core/startup/startup_gcc.c.o
 .debug_ranges  0x00000000000000d8       0x28 /tmp/arduino-sketch-5058F1AF8388633F609CADB75A75DC9D/core/config/variant.cpp.o
 .debug_ranges  0x0000000000000100       0x48 /tmp/arduino-core-cache/core_SparkFun_apollo3_artemis_2982def665a1ef7f0750d0bf0c292f33.a(am_hal_clkgen.c.o)
 .debug_ranges  0x0000000000000148      0x168 /tmp/arduino-core-cache/core_SparkFun_apollo3_artemis_2982def665a1ef7f0750d0bf0c292f33.a(am_hal_flash.c.o)
 .debug_ranges  0x00000000000002b0       0xd8 /tmp/arduino-core-cache/core_SparkFun_apollo3_artemis_2982def665a1ef7f0750d0bf0c292f33.a(am_hal_gpio.c.o)
 .debug_ranges  0x0000000000000388       0x20 /tmp/arduino-core-cache/core_SparkFun_apollo3_artemis_2982def665a1ef7f0750d0bf0c292f33.a(am_hal_interrupt.c.o)
 .debug_ranges  0x00000000000003a8       0x88 /tmp/arduino-core-cache/core_SparkFun_apollo3_artemis_2982def665a1ef7f0750d0bf0c292f33.a(am_hal_itm.c.o)
 .debug_ranges  0x0000000000000430       0xa8 /tmp/arduino-core-cache/core_SparkFun_apollo3_artemis_2982def665a1ef7f0750d0bf0c292f33.a(am_hal_pwrctrl.c.o)
 .debug_ranges  0x00000000000004d8       0x88 /tmp/arduino-core-cache/core_SparkFun_apollo3_artemis_2982def665a1ef7f0750d0bf0c292f33.a(am_hal_reset.c.o)
 .debug_ranges  0x0000000000000560       0x90 /tmp/arduino-core-cache/core_SparkFun_apollo3_artemis_2982def665a1ef7f0750d0bf0c292f33.a(am_hal_rtc.c.o)
 .debug_ranges  0x00000000000005f0      0x1a8 /tmp/arduino-core-cache/core_SparkFun_apollo3_artemis_2982def665a1ef7f0750d0bf0c292f33.a(am_hal_uart.c.o)
 .debug_ranges  0x0000000000000798      0x168 /tmp/arduino-core-cache/core_SparkFun_apollo3_artemis_2982def665a1ef7f0750d0bf0c292f33.a(am_util_stdio.c.o)
 .debug_ranges  0x0000000000000900      0x150 /tmp/arduino-core-cache/core_SparkFun_apollo3_artemis_2982def665a1ef7f0750d0bf0c292f33.a(ap3_gpio.cpp.o)
 .debug_ranges  0x0000000000000a50       0x20 /tmp/arduino-core-cache/core_SparkFun_apollo3_artemis_2982def665a1ef7f0750d0bf0c292f33.a(main.cpp.o)
 .debug_ranges  0x0000000000000a70       0x50 /tmp/arduino-core-cache/core_SparkFun_apollo3_artemis_2982def665a1ef7f0750d0bf0c292f33.a(ap3_timing.cpp.o)
 .debug_ranges  0x0000000000000ac0      0x1d8 /tmp/arduino-core-cache/core_SparkFun_apollo3_artemis_2982def665a1ef7f0750d0bf0c292f33.a(ap3_uart.cpp.o)
 .debug_ranges  0x0000000000000c98       0xf0 /tmp/arduino-core-cache/core_SparkFun_apollo3_artemis_2982def665a1ef7f0750d0bf0c292f33.a(am_hal_cachectrl.c.o)
 .debug_ranges  0x0000000000000d88       0x80 /tmp/arduino-core-cache/core_SparkFun_apollo3_artemis_2982def665a1ef7f0750d0bf0c292f33.a(am_hal_queue.c.o)
 .debug_ranges  0x0000000000000e08       0xb8 /tmp/arduino-core-cache/core_SparkFun_apollo3_artemis_2982def665a1ef7f0750d0bf0c292f33.a(am_hal_stimer.c.o)
 .debug_ranges  0x0000000000000ec0       0x20 /tmp/arduino-core-cache/core_SparkFun_apollo3_artemis_2982def665a1ef7f0750d0bf0c292f33.a(am_util_delay.c.o)
 .debug_ranges  0x0000000000000ee0       0x18 /tmp/arduino-core-cache/core_SparkFun_apollo3_artemis_2982def665a1ef7f0750d0bf0c292f33.a(ap3_initialization.cpp.o)

.debug_line     0x0000000000000000     0xe242
 .debug_line    0x0000000000000000      0x927 /tmp/arduino-sketch-5058F1AF8388633F609CADB75A75DC9D/sketch/Blink.ino.cpp.o
 .debug_line    0x0000000000000927      0x9b1 /tmp/arduino-sketch-5058F1AF8388633F609CADB75A75DC9D/core/bsp/am_bsp.c.o
 .debug_line    0x00000000000012d8      0x420 /tmp/arduino-sketch-5058F1AF8388633F609CADB75A75DC9D/core/startup/startup_gcc.c.o
 .debug_line    0x00000000000016f8      0x8cc /tmp/arduino-sketch-5058F1AF8388633F609CADB75A75DC9D/core/config/variant.cpp.o
 .debug_line    0x0000000000001fc4      0x673 /tmp/arduino-core-cache/core_SparkFun_apollo3_artemis_2982def665a1ef7f0750d0bf0c292f33.a(am_hal_clkgen.c.o)
 .debug_line    0x0000000000002637      0xd1e /tmp/arduino-core-cache/core_SparkFun_apollo3_artemis_2982def665a1ef7f0750d0bf0c292f33.a(am_hal_flash.c.o)
 .debug_line    0x0000000000003355      0xbba /tmp/arduino-core-cache/core_SparkFun_apollo3_artemis_2982def665a1ef7f0750d0bf0c292f33.a(am_hal_gpio.c.o)
 .debug_line    0x0000000000003f0f      0x380 /tmp/arduino-core-cache/core_SparkFun_apollo3_artemis_2982def665a1ef7f0750d0bf0c292f33.a(am_hal_interrupt.c.o)
 .debug_line    0x000000000000428f      0x644 /tmp/arduino-core-cache/core_SparkFun_apollo3_artemis_2982def665a1ef7f0750d0bf0c292f33.a(am_hal_itm.c.o)
 .debug_line    0x00000000000048d3      0x7d7 /tmp/arduino-core-cache/core_SparkFun_apollo3_artemis_2982def665a1ef7f0750d0bf0c292f33.a(am_hal_pwrctrl.c.o)
 .debug_line    0x00000000000050aa      0x570 /tmp/arduino-core-cache/core_SparkFun_apollo3_artemis_2982def665a1ef7f0750d0bf0c292f33.a(am_hal_reset.c.o)
 .debug_line    0x000000000000561a      0x743 /tmp/arduino-core-cache/core_SparkFun_apollo3_artemis_2982def665a1ef7f0750d0bf0c292f33.a(am_hal_rtc.c.o)
 .debug_line    0x0000000000005d5d     0x10bb /tmp/arduino-core-cache/core_SparkFun_apollo3_artemis_2982def665a1ef7f0750d0bf0c292f33.a(am_hal_uart.c.o)
 .debug_line    0x0000000000006e18      0xd90 /tmp/arduino-core-cache/core_SparkFun_apollo3_artemis_2982def665a1ef7f0750d0bf0c292f33.a(am_util_stdio.c.o)
 .debug_line    0x0000000000007ba8      0xfb4 /tmp/arduino-core-cache/core_SparkFun_apollo3_artemis_2982def665a1ef7f0750d0bf0c292f33.a(ap3_gpio.cpp.o)
 .debug_line    0x0000000000008b5c      0x942 /tmp/arduino-core-cache/core_SparkFun_apollo3_artemis_2982def665a1ef7f0750d0bf0c292f33.a(main.cpp.o)
 .debug_line    0x000000000000949e      0xa67 /tmp/arduino-core-cache/core_SparkFun_apollo3_artemis_2982def665a1ef7f0750d0bf0c292f33.a(ap3_timing.cpp.o)
 .debug_line    0x0000000000009f05     0x1484 /tmp/arduino-core-cache/core_SparkFun_apollo3_artemis_2982def665a1ef7f0750d0bf0c292f33.a(ap3_uart.cpp.o)
 .debug_line    0x000000000000b389      0x786 /tmp/arduino-core-cache/core_SparkFun_apollo3_artemis_2982def665a1ef7f0750d0bf0c292f33.a(am_hal_cachectrl.c.o)
 .debug_line    0x000000000000bb0f      0x4f0 /tmp/arduino-core-cache/core_SparkFun_apollo3_artemis_2982def665a1ef7f0750d0bf0c292f33.a(am_hal_queue.c.o)
 .debug_line    0x000000000000bfff      0x6c6 /tmp/arduino-core-cache/core_SparkFun_apollo3_artemis_2982def665a1ef7f0750d0bf0c292f33.a(am_hal_stimer.c.o)
 .debug_line    0x000000000000c6c5      0x414 /tmp/arduino-core-cache/core_SparkFun_apollo3_artemis_2982def665a1ef7f0750d0bf0c292f33.a(am_util_delay.c.o)
 .debug_line    0x000000000000cad9      0x4aa /tmp/arduino-core-cache/core_SparkFun_apollo3_artemis_2982def665a1ef7f0750d0bf0c292f33.a(ap3_analog_structures.c.o)
 .debug_line    0x000000000000cf83      0x41d /tmp/arduino-core-cache/core_SparkFun_apollo3_artemis_2982def665a1ef7f0750d0bf0c292f33.a(ap3_gpio_structures.c.o)
 .debug_line    0x000000000000d3a0      0x4a5 /tmp/arduino-core-cache/core_SparkFun_apollo3_artemis_2982def665a1ef7f0750d0bf0c292f33.a(ap3_uart_structures.c.o)
 .debug_line    0x000000000000d845      0x9fd /tmp/arduino-core-cache/core_SparkFun_apollo3_artemis_2982def665a1ef7f0750d0bf0c292f33.a(ap3_initialization.cpp.o)

.debug_str      0x0000000000000000     0xf332
 .debug_str     0x0000000000000000     0x231a /tmp/arduino-sketch-5058F1AF8388633F609CADB75A75DC9D/sketch/Blink.ino.cpp.o
                                       0x2611 (size before relaxing)
 .debug_str     0x000000000000231a     0x1385 /tmp/arduino-sketch-5058F1AF8388633F609CADB75A75DC9D/core/bsp/am_bsp.c.o
                                       0x2359 (size before relaxing)
 .debug_str     0x000000000000369f       0xea /tmp/arduino-sketch-5058F1AF8388633F609CADB75A75DC9D/core/startup/startup_gcc.c.o
                                       0x125c (size before relaxing)
 .debug_str     0x0000000000003789       0xc8 /tmp/arduino-sketch-5058F1AF8388633F609CADB75A75DC9D/core/config/variant.cpp.o
                                       0x2653 (size before relaxing)
 .debug_str     0x0000000000003851     0x1a25 /tmp/arduino-core-cache/core_SparkFun_apollo3_artemis_2982def665a1ef7f0750d0bf0c292f33.a(am_hal_clkgen.c.o)
                                       0x27b7 (size before relaxing)
 .debug_str     0x0000000000005276      0x6a3 /tmp/arduino-core-cache/core_SparkFun_apollo3_artemis_2982def665a1ef7f0750d0bf0c292f33.a(am_hal_flash.c.o)
                                       0x1ab2 (size before relaxing)
 .debug_str     0x0000000000005919     0x22fc /tmp/arduino-core-cache/core_SparkFun_apollo3_artemis_2982def665a1ef7f0750d0bf0c292f33.a(am_hal_gpio.c.o)
                                       0x3559 (size before relaxing)
 .debug_str     0x0000000000007c15       0xac /tmp/arduino-core-cache/core_SparkFun_apollo3_artemis_2982def665a1ef7f0750d0bf0c292f33.a(am_hal_interrupt.c.o)
                                        0xae7 (size before relaxing)
 .debug_str     0x0000000000007cc1      0x2fe /tmp/arduino-core-cache/core_SparkFun_apollo3_artemis_2982def665a1ef7f0750d0bf0c292f33.a(am_hal_itm.c.o)
                                       0x171c (size before relaxing)
 .debug_str     0x0000000000007fbf     0x1e99 /tmp/arduino-core-cache/core_SparkFun_apollo3_artemis_2982def665a1ef7f0750d0bf0c292f33.a(am_hal_pwrctrl.c.o)
                                       0x3e36 (size before relaxing)
 .debug_str     0x0000000000009e58      0x470 /tmp/arduino-core-cache/core_SparkFun_apollo3_artemis_2982def665a1ef7f0750d0bf0c292f33.a(am_hal_reset.c.o)
                                       0x17b2 (size before relaxing)
 .debug_str     0x000000000000a2c8      0x40e /tmp/arduino-core-cache/core_SparkFun_apollo3_artemis_2982def665a1ef7f0750d0bf0c292f33.a(am_hal_rtc.c.o)
                                       0x10ef (size before relaxing)
 .debug_str     0x000000000000a6d6      0x866 /tmp/arduino-core-cache/core_SparkFun_apollo3_artemis_2982def665a1ef7f0750d0bf0c292f33.a(am_hal_uart.c.o)
                                       0x295a (size before relaxing)
 .debug_str     0x000000000000af3c      0x347 /tmp/arduino-core-cache/core_SparkFun_apollo3_artemis_2982def665a1ef7f0750d0bf0c292f33.a(am_util_stdio.c.o)
                                        0x59b (size before relaxing)
 .debug_str     0x000000000000b283      0x559 /tmp/arduino-core-cache/core_SparkFun_apollo3_artemis_2982def665a1ef7f0750d0bf0c292f33.a(ap3_gpio.cpp.o)
                                       0x4b4b (size before relaxing)
 .debug_str     0x000000000000b7dc       0xb9 /tmp/arduino-core-cache/core_SparkFun_apollo3_artemis_2982def665a1ef7f0750d0bf0c292f33.a(main.cpp.o)
                                       0x265a (size before relaxing)
 .debug_str     0x000000000000b895      0x177 /tmp/arduino-core-cache/core_SparkFun_apollo3_artemis_2982def665a1ef7f0750d0bf0c292f33.a(ap3_timing.cpp.o)
                                       0x2743 (size before relaxing)
 .debug_str     0x000000000000ba0c     0x17f7 /tmp/arduino-core-cache/core_SparkFun_apollo3_artemis_2982def665a1ef7f0750d0bf0c292f33.a(ap3_uart.cpp.o)
                                       0x47d3 (size before relaxing)
 .debug_str     0x000000000000d203      0x4f3 /tmp/arduino-core-cache/core_SparkFun_apollo3_artemis_2982def665a1ef7f0750d0bf0c292f33.a(am_hal_cachectrl.c.o)
                                       0x1a53 (size before relaxing)
 .debug_str     0x000000000000d6f6       0xd7 /tmp/arduino-core-cache/core_SparkFun_apollo3_artemis_2982def665a1ef7f0750d0bf0c292f33.a(am_hal_queue.c.o)
                                        0xbb4 (size before relaxing)
 .debug_str     0x000000000000d7cd     0x1696 /tmp/arduino-core-cache/core_SparkFun_apollo3_artemis_2982def665a1ef7f0750d0bf0c292f33.a(am_hal_stimer.c.o)
                                       0x3c57 (size before relaxing)
 .debug_str     0x000000000000ee63       0xc5 /tmp/arduino-core-cache/core_SparkFun_apollo3_artemis_2982def665a1ef7f0750d0bf0c292f33.a(am_util_delay.c.o)
                                        0xb5c (size before relaxing)
 .debug_str     0x000000000000ef28       0xd8 /tmp/arduino-core-cache/core_SparkFun_apollo3_artemis_2982def665a1ef7f0750d0bf0c292f33.a(ap3_analog_structures.c.o)
                                       0x150d (size before relaxing)
 .debug_str     0x000000000000f000       0x6f /tmp/arduino-core-cache/core_SparkFun_apollo3_artemis_2982def665a1ef7f0750d0bf0c292f33.a(ap3_gpio_structures.c.o)
                                       0x14b8 (size before relaxing)
 .debug_str     0x000000000000f06f       0x6f /tmp/arduino-core-cache/core_SparkFun_apollo3_artemis_2982def665a1ef7f0750d0bf0c292f33.a(ap3_uart_structures.c.o)
                                       0x1378 (size before relaxing)
 .debug_str     0x000000000000f0de      0x254 /tmp/arduino-core-cache/core_SparkFun_apollo3_artemis_2982def665a1ef7f0750d0bf0c292f33.a(ap3_initialization.cpp.o)
                                       0x2d20 (size before relaxing)

.comment        0x0000000000000000       0x75
 .comment       0x0000000000000000       0x75 /tmp/arduino-sketch-5058F1AF8388633F609CADB75A75DC9D/sketch/Blink.ino.cpp.o
                                         0x76 (size before relaxing)
 .comment       0x0000000000000075       0x76 /tmp/arduino-sketch-5058F1AF8388633F609CADB75A75DC9D/core/bsp/am_bsp.c.o
 .comment       0x0000000000000075       0x76 /tmp/arduino-sketch-5058F1AF8388633F609CADB75A75DC9D/core/startup/startup_gcc.c.o
 .comment       0x0000000000000075       0x76 /tmp/arduino-sketch-5058F1AF8388633F609CADB75A75DC9D/core/config/variant.cpp.o
 .comment       0x0000000000000075       0x76 /tmp/arduino-core-cache/core_SparkFun_apollo3_artemis_2982def665a1ef7f0750d0bf0c292f33.a(am_hal_clkgen.c.o)
 .comment       0x0000000000000075       0x76 /tmp/arduino-core-cache/core_SparkFun_apollo3_artemis_2982def665a1ef7f0750d0bf0c292f33.a(am_hal_flash.c.o)
 .comment       0x0000000000000075       0x76 /tmp/arduino-core-cache/core_SparkFun_apollo3_artemis_2982def665a1ef7f0750d0bf0c292f33.a(am_hal_gpio.c.o)
 .comment       0x0000000000000075       0x76 /tmp/arduino-core-cache/core_SparkFun_apollo3_artemis_2982def665a1ef7f0750d0bf0c292f33.a(am_hal_interrupt.c.o)
 .comment       0x0000000000000075       0x76 /tmp/arduino-core-cache/core_SparkFun_apollo3_artemis_2982def665a1ef7f0750d0bf0c292f33.a(am_hal_itm.c.o)
 .comment       0x0000000000000075       0x76 /tmp/arduino-core-cache/core_SparkFun_apollo3_artemis_2982def665a1ef7f0750d0bf0c292f33.a(am_hal_pwrctrl.c.o)
 .comment       0x0000000000000075       0x76 /tmp/arduino-core-cache/core_SparkFun_apollo3_artemis_2982def665a1ef7f0750d0bf0c292f33.a(am_hal_reset.c.o)
 .comment       0x0000000000000075       0x76 /tmp/arduino-core-cache/core_SparkFun_apollo3_artemis_2982def665a1ef7f0750d0bf0c292f33.a(am_hal_rtc.c.o)
 .comment       0x0000000000000075       0x76 /tmp/arduino-core-cache/core_SparkFun_apollo3_artemis_2982def665a1ef7f0750d0bf0c292f33.a(am_hal_uart.c.o)
 .comment       0x0000000000000075       0x76 /tmp/arduino-core-cache/core_SparkFun_apollo3_artemis_2982def665a1ef7f0750d0bf0c292f33.a(am_util_stdio.c.o)
 .comment       0x0000000000000075       0x76 /tmp/arduino-core-cache/core_SparkFun_apollo3_artemis_2982def665a1ef7f0750d0bf0c292f33.a(ap3_gpio.cpp.o)
 .comment       0x0000000000000075       0x76 /tmp/arduino-core-cache/core_SparkFun_apollo3_artemis_2982def665a1ef7f0750d0bf0c292f33.a(main.cpp.o)
 .comment       0x0000000000000075       0x76 /tmp/arduino-core-cache/core_SparkFun_apollo3_artemis_2982def665a1ef7f0750d0bf0c292f33.a(ap3_timing.cpp.o)
 .comment       0x0000000000000075       0x76 /tmp/arduino-core-cache/core_SparkFun_apollo3_artemis_2982def665a1ef7f0750d0bf0c292f33.a(ap3_uart.cpp.o)
 .comment       0x0000000000000075       0x76 /tmp/arduino-core-cache/core_SparkFun_apollo3_artemis_2982def665a1ef7f0750d0bf0c292f33.a(am_hal_cachectrl.c.o)
 .comment       0x0000000000000075       0x76 /tmp/arduino-core-cache/core_SparkFun_apollo3_artemis_2982def665a1ef7f0750d0bf0c292f33.a(am_hal_queue.c.o)
 .comment       0x0000000000000075       0x76 /tmp/arduino-core-cache/core_SparkFun_apollo3_artemis_2982def665a1ef7f0750d0bf0c292f33.a(am_hal_stimer.c.o)
 .comment       0x0000000000000075       0x76 /tmp/arduino-core-cache/core_SparkFun_apollo3_artemis_2982def665a1ef7f0750d0bf0c292f33.a(am_util_delay.c.o)
 .comment       0x0000000000000075       0x76 /tmp/arduino-core-cache/core_SparkFun_apollo3_artemis_2982def665a1ef7f0750d0bf0c292f33.a(ap3_analog_structures.c.o)
 .comment       0x0000000000000075       0x76 /tmp/arduino-core-cache/core_SparkFun_apollo3_artemis_2982def665a1ef7f0750d0bf0c292f33.a(ap3_gpio_structures.c.o)
 .comment       0x0000000000000075       0x76 /tmp/arduino-core-cache/core_SparkFun_apollo3_artemis_2982def665a1ef7f0750d0bf0c292f33.a(ap3_uart_structures.c.o)
 .comment       0x0000000000000075       0x76 /tmp/arduino-core-cache/core_SparkFun_apollo3_artemis_2982def665a1ef7f0750d0bf0c292f33.a(ap3_initialization.cpp.o)

.debug_frame    0x0000000000000000     0x1848
 .debug_frame   0x0000000000000000       0x3c /tmp/arduino-sketch-5058F1AF8388633F609CADB75A75DC9D/sketch/Blink.ino.cpp.o
 .debug_frame   0x000000000000003c      0x1fc /tmp/arduino-sketch-5058F1AF8388633F609CADB75A75DC9D/core/bsp/am_bsp.c.o
 .debug_frame   0x0000000000000238       0x50 /tmp/arduino-sketch-5058F1AF8388633F609CADB75A75DC9D/core/startup/startup_gcc.c.o
 .debug_frame   0x0000000000000288       0x28 /tmp/arduino-sketch-5058F1AF8388633F609CADB75A75DC9D/core/config/variant.cpp.o
 .debug_frame   0x00000000000002b0       0x98 /tmp/arduino-core-cache/core_SparkFun_apollo3_artemis_2982def665a1ef7f0750d0bf0c292f33.a(am_hal_clkgen.c.o)
 .debug_frame   0x0000000000000348      0x37c /tmp/arduino-core-cache/core_SparkFun_apollo3_artemis_2982def665a1ef7f0750d0bf0c292f33.a(am_hal_flash.c.o)
 .debug_frame   0x00000000000006c4      0x180 /tmp/arduino-core-cache/core_SparkFun_apollo3_artemis_2982def665a1ef7f0750d0bf0c292f33.a(am_hal_gpio.c.o)
 .debug_frame   0x0000000000000844       0x40 /tmp/arduino-core-cache/core_SparkFun_apollo3_artemis_2982def665a1ef7f0750d0bf0c292f33.a(am_hal_interrupt.c.o)
 .debug_frame   0x0000000000000884       0xe8 /tmp/arduino-core-cache/core_SparkFun_apollo3_artemis_2982def665a1ef7f0750d0bf0c292f33.a(am_hal_itm.c.o)
 .debug_frame   0x000000000000096c       0xf0 /tmp/arduino-core-cache/core_SparkFun_apollo3_artemis_2982def665a1ef7f0750d0bf0c292f33.a(am_hal_pwrctrl.c.o)
 .debug_frame   0x0000000000000a5c       0xa8 /tmp/arduino-core-cache/core_SparkFun_apollo3_artemis_2982def665a1ef7f0750d0bf0c292f33.a(am_hal_reset.c.o)
 .debug_frame   0x0000000000000b04      0x14c /tmp/arduino-core-cache/core_SparkFun_apollo3_artemis_2982def665a1ef7f0750d0bf0c292f33.a(am_hal_rtc.c.o)
 .debug_frame   0x0000000000000c50      0x270 /tmp/arduino-core-cache/core_SparkFun_apollo3_artemis_2982def665a1ef7f0750d0bf0c292f33.a(am_hal_uart.c.o)
 .debug_frame   0x0000000000000ec0      0x168 /tmp/arduino-core-cache/core_SparkFun_apollo3_artemis_2982def665a1ef7f0750d0bf0c292f33.a(am_util_stdio.c.o)
 .debug_frame   0x0000000000001028      0x180 /tmp/arduino-core-cache/core_SparkFun_apollo3_artemis_2982def665a1ef7f0750d0bf0c292f33.a(ap3_gpio.cpp.o)
 .debug_frame   0x00000000000011a8       0x48 /tmp/arduino-core-cache/core_SparkFun_apollo3_artemis_2982def665a1ef7f0750d0bf0c292f33.a(main.cpp.o)
 .debug_frame   0x00000000000011f0       0xc8 /tmp/arduino-core-cache/core_SparkFun_apollo3_artemis_2982def665a1ef7f0750d0bf0c292f33.a(ap3_timing.cpp.o)
 .debug_frame   0x00000000000012b8      0x238 /tmp/arduino-core-cache/core_SparkFun_apollo3_artemis_2982def665a1ef7f0750d0bf0c292f33.a(ap3_uart.cpp.o)
 .debug_frame   0x00000000000014f0       0xd8 /tmp/arduino-core-cache/core_SparkFun_apollo3_artemis_2982def665a1ef7f0750d0bf0c292f33.a(am_hal_cachectrl.c.o)
 .debug_frame   0x00000000000015c8       0x70 /tmp/arduino-core-cache/core_SparkFun_apollo3_artemis_2982def665a1ef7f0750d0bf0c292f33.a(am_hal_queue.c.o)
 .debug_frame   0x0000000000001638      0x130 /tmp/arduino-core-cache/core_SparkFun_apollo3_artemis_2982def665a1ef7f0750d0bf0c292f33.a(am_hal_stimer.c.o)
 .debug_frame   0x0000000000001768       0x58 /tmp/arduino-core-cache/core_SparkFun_apollo3_artemis_2982def665a1ef7f0750d0bf0c292f33.a(am_util_delay.c.o)
 .debug_frame   0x00000000000017c0       0x3c /tmp/arduino-core-cache/core_SparkFun_apollo3_artemis_2982def665a1ef7f0750d0bf0c292f33.a(ap3_initialization.cpp.o)
 .debug_frame   0x00000000000017fc       0x2c /home/tim/.arduino15/packages/SparkFun/tools/arm-none-eabi-gcc/8-2018-q4-major/bin/../lib/gcc/arm-none-eabi/8.2.1/../../../../arm-none-eabi/lib/thumb/v7e-m+fp/hard/libc_nano.a(lib_a-init.o)
 .debug_frame   0x0000000000001828       0x20 /home/tim/.arduino15/packages/SparkFun/tools/arm-none-eabi-gcc/8-2018-q4-major/bin/../lib/gcc/arm-none-eabi/8.2.1/../../../../arm-none-eabi/lib/thumb/v7e-m+fp/hard/libc_nano.a(lib_a-memset.o)

.debug_loc      0x0000000000000000     0x92f7
 .debug_loc     0x0000000000000000      0xcc1 /tmp/arduino-sketch-5058F1AF8388633F609CADB75A75DC9D/core/bsp/am_bsp.c.o
 .debug_loc     0x0000000000000cc1       0x2e /tmp/arduino-sketch-5058F1AF8388633F609CADB75A75DC9D/core/config/variant.cpp.o
 .debug_loc     0x0000000000000cef      0x2af /tmp/arduino-core-cache/core_SparkFun_apollo3_artemis_2982def665a1ef7f0750d0bf0c292f33.a(am_hal_clkgen.c.o)
 .debug_loc     0x0000000000000f9e     0x12df /tmp/arduino-core-cache/core_SparkFun_apollo3_artemis_2982def665a1ef7f0750d0bf0c292f33.a(am_hal_flash.c.o)
 .debug_loc     0x000000000000227d      0xd77 /tmp/arduino-core-cache/core_SparkFun_apollo3_artemis_2982def665a1ef7f0750d0bf0c292f33.a(am_hal_gpio.c.o)
 .debug_loc     0x0000000000002ff4      0x26a /tmp/arduino-core-cache/core_SparkFun_apollo3_artemis_2982def665a1ef7f0750d0bf0c292f33.a(am_hal_itm.c.o)
 .debug_loc     0x000000000000325e      0x3a6 /tmp/arduino-core-cache/core_SparkFun_apollo3_artemis_2982def665a1ef7f0750d0bf0c292f33.a(am_hal_pwrctrl.c.o)
 .debug_loc     0x0000000000003604      0x1d1 /tmp/arduino-core-cache/core_SparkFun_apollo3_artemis_2982def665a1ef7f0750d0bf0c292f33.a(am_hal_reset.c.o)
 .debug_loc     0x00000000000037d5      0x458 /tmp/arduino-core-cache/core_SparkFun_apollo3_artemis_2982def665a1ef7f0750d0bf0c292f33.a(am_hal_rtc.c.o)
 .debug_loc     0x0000000000003c2d     0x1acf /tmp/arduino-core-cache/core_SparkFun_apollo3_artemis_2982def665a1ef7f0750d0bf0c292f33.a(am_hal_uart.c.o)
 .debug_loc     0x00000000000056fc     0x17f1 /tmp/arduino-core-cache/core_SparkFun_apollo3_artemis_2982def665a1ef7f0750d0bf0c292f33.a(am_util_stdio.c.o)
 .debug_loc     0x0000000000006eed      0x97a /tmp/arduino-core-cache/core_SparkFun_apollo3_artemis_2982def665a1ef7f0750d0bf0c292f33.a(ap3_gpio.cpp.o)
 .debug_loc     0x0000000000007867       0x4a /tmp/arduino-core-cache/core_SparkFun_apollo3_artemis_2982def665a1ef7f0750d0bf0c292f33.a(ap3_timing.cpp.o)
 .debug_loc     0x00000000000078b1      0xdfe /tmp/arduino-core-cache/core_SparkFun_apollo3_artemis_2982def665a1ef7f0750d0bf0c292f33.a(ap3_uart.cpp.o)
 .debug_loc     0x00000000000086af      0x4b0 /tmp/arduino-core-cache/core_SparkFun_apollo3_artemis_2982def665a1ef7f0750d0bf0c292f33.a(am_hal_cachectrl.c.o)
 .debug_loc     0x0000000000008b5f      0x278 /tmp/arduino-core-cache/core_SparkFun_apollo3_artemis_2982def665a1ef7f0750d0bf0c292f33.a(am_hal_queue.c.o)
 .debug_loc     0x0000000000008dd7      0x3ff /tmp/arduino-core-cache/core_SparkFun_apollo3_artemis_2982def665a1ef7f0750d0bf0c292f33.a(am_hal_stimer.c.o)
 .debug_loc     0x00000000000091d6      0x10b /tmp/arduino-core-cache/core_SparkFun_apollo3_artemis_2982def665a1ef7f0750d0bf0c292f33.a(am_util_delay.c.o)
 .debug_loc     0x00000000000092e1       0x16 /tmp/arduino-core-cache/core_SparkFun_apollo3_artemis_2982def665a1ef7f0750d0bf0c292f33.a(ap3_initialization.cpp.o)
